Archive member included because of file (symbol)

c:/devkitPro/libogc/lib/cube\libSDL.a(SDL_audio.o)
                              test7-sound.o (SDL_OpenAudio)
c:/devkitPro/libogc/lib/cube\libSDL.a(SDL_audiocvt.o)
                              c:/devkitPro/libogc/lib/cube\libSDL.a(SDL_audio.o) (SDL_ConvertAudio)
c:/devkitPro/libogc/lib/cube\libSDL.a(SDL_getenv.o)
                              c:/devkitPro/libogc/lib/cube\libSDL.a(SDL_audio.o) (SDL_getenv)
c:/devkitPro/libogc/lib/cube\libSDL.a(SDL_thread.o)
                              c:/devkitPro/libogc/lib/cube\libSDL.a(SDL_audio.o) (SDL_CreateThread)
c:/devkitPro/libogc/lib/cube\libSDL.a(SDL_cubeaudio.o)
                              c:/devkitPro/libogc/lib/cube\libSDL.a(SDL_audio.o) (CUBEAUD_bootstrap)
c:/devkitPro/libogc/lib/cube\libSDL.a(SDL_sysmutex.o)
                              c:/devkitPro/libogc/lib/cube\libSDL.a(SDL_audio.o) (SDL_CreateMutex)
c:/devkitPro/libogc/lib/cube\libSDL.a(SDL_syssem.o)
                              c:/devkitPro/libogc/lib/cube\libSDL.a(SDL_thread.o) (SDL_DestroySemaphore)
c:/devkitPro/libogc/lib/cube\libSDL.a(SDL_systhread.o)
                              c:/devkitPro/libogc/lib/cube\libSDL.a(SDL_thread.o) (SDL_SYS_CreateThread)
c:/devkitPro/libogc/lib/cube\libSDL.a(SDL_systimer.o)
                              test7-sound.o (SDL_Delay)
c:/devkitPro/libogc/lib/cube\libSDL.a(SDL_cube_main.o)
                              c:/devkitpro/devkitppc/bin/../lib/gcc/powerpc-eabi/4.8.2/../../../../powerpc-eabi/lib/crtmain.o (main)
c:/devkitPro/libogc/lib/cube\libSDL.a(SDL.o)
                              c:/devkitPro/libogc/lib/cube\libSDL.a(SDL_audio.o) (SDL_InitSubSystem)
c:/devkitPro/libogc/lib/cube\libSDL.a(SDL_error.o)
                              c:/devkitPro/libogc/lib/cube\libSDL.a(SDL_audio.o) (SDL_SetError)
c:/devkitPro/libogc/lib/cube\libSDL.a(SDL_fatal.o)
                              c:/devkitPro/libogc/lib/cube\libSDL.a(SDL.o) (SDL_InstallParachute)
c:/devkitPro/libogc/lib/cube\libSDL.a(SDL_joystick.o)
                              c:/devkitPro/libogc/lib/cube\libSDL.a(SDL.o) (SDL_JoystickInit)
c:/devkitPro/libogc/lib/cube\libSDL.a(SDL_string.o)
                              c:/devkitPro/libogc/lib/cube\libSDL.a(SDL_error.o) (SDL_snprintf)
c:/devkitPro/libogc/lib/cube\libSDL.a(SDL_timer.o)
                              c:/devkitPro/libogc/lib/cube\libSDL.a(SDL_systimer.o) (SDL_timer_running)
c:/devkitPro/libogc/lib/cube\libSDL.a(SDL_video.o)
                              c:/devkitPro/libogc/lib/cube\libSDL.a(SDL.o) (SDL_VideoQuit)
c:/devkitPro/libogc/lib/cube\libSDL.a(SDL_cubevideo.o)
                              c:/devkitPro/libogc/lib/cube\libSDL.a(SDL_cube_main.o) (CUBE_InitVideoSystem)
c:/devkitPro/libogc/lib/cube\libSDL.a(SDL_sysjoystick.o)
                              c:/devkitPro/libogc/lib/cube\libSDL.a(SDL_joystick.o) (SDL_SYS_JoystickInit)
c:/devkitPro/libogc/lib/cube\libSDL.a(SDL_syscond.o)
                              c:/devkitPro/libogc/lib/cube\libSDL.a(SDL_syssem.o) (SDL_DestroyCond)
c:/devkitPro/libogc/lib/cube\libSDL.a(SDL_events.o)
                              c:/devkitPro/libogc/lib/cube\libSDL.a(SDL_joystick.o) (SDL_Lock_EventThread)
c:/devkitPro/libogc/lib/cube\libSDL.a(SDL_keyboard.o)
                              c:/devkitPro/libogc/lib/cube\libSDL.a(SDL_events.o) (SDL_KeyboardQuit)
c:/devkitPro/libogc/lib/cube\libSDL.a(SDL_mouse.o)
                              c:/devkitPro/libogc/lib/cube\libSDL.a(SDL_events.o) (SDL_MouseInit)
c:/devkitPro/libogc/lib/cube\libSDL.a(SDL_quit.o)
                              c:/devkitPro/libogc/lib/cube\libSDL.a(SDL_events.o) (SDL_QuitInit)
c:/devkitPro/libogc/lib/cube\libSDL.a(SDL_resize.o)
                              c:/devkitPro/libogc/lib/cube\libSDL.a(SDL_video.o) (SDL_PrivateResize)
c:/devkitPro/libogc/lib/cube\libSDL.a(SDL_cursor.o)
                              c:/devkitPro/libogc/lib/cube\libSDL.a(SDL_video.o) (SDL_CursorPaletteChanged)
c:/devkitPro/libogc/lib/cube\libSDL.a(SDL_pixels.o)
                              c:/devkitPro/libogc/lib/cube\libSDL.a(SDL_video.o) (SDL_FreeFormat)
c:/devkitPro/libogc/lib/cube\libSDL.a(SDL_surface.o)
                              c:/devkitPro/libogc/lib/cube\libSDL.a(SDL_video.o) (SDL_SetClipRect)
c:/devkitPro/libogc/lib/cube\libSDL.a(SDL_cubeevents.o)
                              c:/devkitPro/libogc/lib/cube\libSDL.a(SDL_cubevideo.o) (CUBE_PumpEvents)
c:/devkitPro/libogc/lib/cube\libSDL.a(SDL_active.o)
                              c:/devkitPro/libogc/lib/cube\libSDL.a(SDL_events.o) (SDL_AppActiveInit)
c:/devkitPro/libogc/lib/cube\libSDL.a(SDL_RLEaccel.o)
                              c:/devkitPro/libogc/lib/cube\libSDL.a(SDL_pixels.o) (SDL_UnRLESurface)
c:/devkitPro/libogc/lib/cube\libSDL.a(SDL_blit.o)
                              c:/devkitPro/libogc/lib/cube\libSDL.a(SDL_pixels.o) (SDL_CalculateBlit)
c:/devkitPro/libogc/lib/cube\libSDL.a(SDL_blit_0.o)
[...]
Memory Configuration

Name             Origin             Length             Attributes
*default*        0x00000000         0xffffffff

Linker script and memory map

                0x80003100                . = 0x80003100

.init           0x80003100      0x194
 *crt0.o(*.init)
 .init          0x80003100      0x170 c:/devkitPro/libogc/lib/cube\libogc.a(ogc_crt0.o)
                0x80003100                _start
                0x80003240                _memset
 *(.init)
 .init          0x80003270        0xc c:/devkitpro/devkitppc/bin/../lib/gcc/powerpc-eabi/4.8.2/ecrti.o
                0x80003270                __init
 .init          0x8000327c        0x4 c:/devkitpro/devkitppc/bin/../lib/gcc/powerpc-eabi/4.8.2/crtbegin.o
 .init          0x80003280        0x4 c:/devkitpro/devkitppc/bin/../lib/gcc/powerpc-eabi/4.8.2/crtend.o
 .init          0x80003284       0x10 c:/devkitpro/devkitppc/bin/../lib/gcc/powerpc-eabi/4.8.2/ecrtn.o

.rela.dyn       0x80003294        0x0
 .rela.iplt     0x00000000        0x0 c:/devkitpro/devkitppc/bin/../lib/gcc/powerpc-eabi/4.8.2/crtbegin.o

.plt
 *(.plt)

.interp
 *(.interp)

.hash
 *(.hash)

.dynsym
 *(.dynsym)

.dynstr
 *(.dynstr)

.gnu.version
 *(.gnu.version)

.gnu.version_d
 *(.gnu.version_d)

.gnu.version_r
 *(.gnu.version_r)

.rel.init
 *(.rel.init)

.rela.init      0x80003294        0x0
 *(.rela.init)
 .rela.init     0x00000000        0x0 c:/devkitpro/devkitppc/bin/../lib/gcc/powerpc-eabi/4.8.2/crtbegin.o

.rel.text
 *(.rel.text .rel.text.* .rel.gnu.linkonce.t.*)

.rela.text      0x80003294        0x0
 *(.rela.text .rela.text.* .rela.gnu.linkonce.t.*)
 .rela.text     0x00000000        0x0 c:/devkitpro/devkitppc/bin/../lib/gcc/powerpc-eabi/4.8.2/crtbegin.o
 .rela.text.SDL_AudioInit
                0x00000000        0x0 c:/devkitpro/devkitppc/bin/../lib/gcc/powerpc-eabi/4.8.2/crtbegin.o
 .rela.text.RunTimer
                0x00000000        0x0 c:/devkitpro/devkitppc/bin/../lib/gcc/powerpc-eabi/4.8.2/crtbegin.o
 .rela.text.SDL_PrivateJoystickAxis
                0x00000000        0x0 c:/devkitpro/devkitppc/bin/../lib/gcc/powerpc-eabi/4.8.2/crtbegin.o
 .rela.text.SDL_PrivateJoystickHat
                0x00000000        0x0 c:/devkitpro/devkitppc/bin/../lib/gcc/powerpc-eabi/4.8.2/crtbegin.o
 .rela.text.SDL_PrivateJoystickBall
                0x00000000        0x0 c:/devkitpro/devkitppc/bin/../lib/gcc/powerpc-eabi/4.8.2/crtbegin.o
 .rela.text.SDL_PrivateJoystickButton
                0x00000000        0x0 c:/devkitpro/devkitppc/bin/../lib/gcc/powerpc-eabi/4.8.2/crtbegin.o
 .rela.text.SDL_strupr
                0x00000000        0x0 c:/devkitpro/devkitppc/bin/../lib/gcc/powerpc-eabi/4.8.2/crtbegin.o
 .rela.text.SDL_strlwr
                0x00000000        0x0 c:/devkitpro/devkitppc/bin/../lib/gcc/powerpc-eabi/4.8.2/crtbegin.o
 .rela.text.SDL_vsnprintf
                0x00000000        0x0 c:/devkitpro/devkitppc/bin/../lib/gcc/powerpc-eabi/4.8.2/crtbegin.o
 .rela.text.SDL_SetTimer
                0x00000000        0x0 c:/devkitpro/devkitppc/bin/../lib/gcc/powerpc-eabi/4.8.2/crtbegin.o
 .rela.text.SDL_UpdateRects
                0x00000000        0x0 c:/devkitpro/devkitppc/bin/../lib/gcc/powerpc-eabi/4.8.2/crtbegin.o
 .rela.text.SDL_Flip
                0x00000000        0x0 c:/devkitpro/devkitppc/bin/../lib/gcc/powerpc-eabi/4.8.2/crtbegin.o
 .rela.text.SDL_VideoInit
                0x00000000        0x0 c:/devkitpro/devkitppc/bin/../lib/gcc/powerpc-eabi/4.8.2/crtbegin.o
 .rela.text.SDL_SetVideoMode
                0x00000000        0x0 c:/devkitpro/devkitppc/bin/../lib/gcc/powerpc-eabi/4.8.2/crtbegin.o
 .rela.text.CUBE_CreateDevice
                0x00000000        0x0 c:/devkitpro/devkitppc/bin/../lib/gcc/powerpc-eabi/4.8.2/crtbegin.o
 .rela.text.flip_thread
                0x00000000        0x0 c:/devkitpro/devkitppc/bin/../lib/gcc/powerpc-eabi/4.8.2/crtbegin.o
 .rela.text.CUBE_UpdateRect
                0x00000000        0x0 c:/devkitpro/devkitppc/bin/../lib/gcc/powerpc-eabi/4.8.2/crtbegin.o
 .rela.text.SDL_StartEventLoop
                0x00000000        0x0 c:/devkitpro/devkitppc/bin/../lib/gcc/powerpc-eabi/4.8.2/crtbegin.o
 .rela.text.SDL_EventState
                0x00000000        0x0 c:/devkitpro/devkitppc/bin/../lib/gcc/powerpc-eabi/4.8.2/crtbegin.o
 .rela.text.SDL_PrivateSysWMEvent
                0x00000000        0x0 c:/devkitpro/devkitppc/bin/../lib/gcc/powerpc-eabi/4.8.2/crtbegin.o
 .rela.text.SDL_PrivateKeyboard
                0x00000000        0x0 c:/devkitpro/devkitppc/bin/../lib/gcc/powerpc-eabi/4.8.2/crtbegin.o
 .rela.text.SDL_ResetKeyboard
                0x00000000        0x0 c:/devkitpro/devkitppc/bin/../lib/gcc/powerpc-eabi/4.8.2/crtbegin.o
 .rela.text.SDL_CheckKeyRepeat
                0x00000000        0x0 c:/devkitpro/devkitppc/bin/../lib/gcc/powerpc-eabi/4.8.2/crtbegin.o
 .rela.text.SDL_EnableKeyRepeat
                0x00000000        0x0 c:/devkitpro/devkitppc/bin/../lib/gcc/powerpc-eabi/4.8.2/crtbegin.o
 .rela.text.SDL_GetKeyRepeat
                0x00000000        0x0 c:/devkitpro/devkitppc/bin/../lib/gcc/powerpc-eabi/4.8.2/crtbegin.o
 .rela.text.SDL_PrivateMouseMotion
                0x00000000        0x0 c:/devkitpro/devkitppc/bin/../lib/gcc/powerpc-eabi/4.8.2/crtbegin.o
 .rela.text.SDL_PrivateMouseButton
                0x00000000        0x0 c:/devkitpro/devkitppc/bin/../lib/gcc/powerpc-eabi/4.8.2/crtbegin.o
 .rela.text.SDL_PrivateQuit
                0x00000000        0x0 c:/devkitpro/devkitppc/bin/../lib/gcc/powerpc-eabi/4.8.2/crtbegin.o
 .rela.text.SDL_PrivateResize
                0x00000000        0x0 c:/devkitpro/devkitppc/bin/../lib/gcc/powerpc-eabi/4.8.2/crtbegin.o
 .rela.text.SDL_PrivateAppActive
                0x00000000        0x0 c:/devkitpro/devkitppc/bin/../lib/gcc/powerpc-eabi/4.8.2/crtbegin.o
 .rela.text.fatUnmount
                0x00000000        0x0 c:/devkitpro/devkitppc/bin/../lib/gcc/powerpc-eabi/4.8.2/crtbegin.o
 .rela.text.fatInit
                0x00000000        0x0 c:/devkitpro/devkitppc/bin/../lib/gcc/powerpc-eabi/4.8.2/crtbegin.o
 .rela.text.fatGetVolumeLabel
                0x00000000        0x0 c:/devkitpro/devkitppc/bin/../lib/gcc/powerpc-eabi/4.8.2/crtbegin.o
 .rela.text._FAT_directory_entryGetAlias
                0x00000000        0x0 c:/devkitpro/devkitppc/bin/../lib/gcc/powerpc-eabi/4.8.2/crtbegin.o
 .rela.text.get_io_gcsda
                0x00000000        0x0 c:/devkitpro/devkitppc/bin/../lib/gcc/powerpc-eabi/4.8.2/crtbegin.o
 .rela.text.get_io_gcsdb
                0x00000000        0x0 c:/devkitpro/devkitppc/bin/../lib/gcc/powerpc-eabi/4.8.2/crtbegin.o
 .rela.text.__console_init
                0x00000000        0x0 c:/devkitpro/devkitppc/bin/../lib/gcc/powerpc-eabi/4.8.2/crtbegin.o
 .rela.text.__console_init_ex
                0x00000000        0x0 c:/devkitpro/devkitppc/bin/../lib/gcc/powerpc-eabi/4.8.2/crtbegin.o
 .rela.text.CON_EnableGecko
                0x00000000        0x0 c:/devkitpro/devkitppc/bin/../lib/gcc/powerpc-eabi/4.8.2/crtbegin.o
 .rela.text.__lwp_cntrl_open
                0x00000000        0x0 c:/devkitpro/devkitppc/bin/../lib/gcc/powerpc-eabi/4.8.2/crtbegin.o
 .rela.text.__lwp_tqueue_open
                0x00000000        0x0 c:/devkitpro/devkitppc/bin/../lib/gcc/powerpc-eabi/4.8.2/crtbegin.o
 .rela.text.__lwp_cntrl_free
                0x00000000        0x0 c:/devkitpro/devkitppc/bin/../lib/gcc/powerpc-eabi/4.8.2/crtbegin.o
 .rela.text.__lwp_sysinit
                0x00000000        0x0 c:/devkitpro/devkitppc/bin/../lib/gcc/powerpc-eabi/4.8.2/crtbegin.o
 .rela.text.__lwp_thread_isalive
                0x00000000        0x0 c:/devkitpro/devkitppc/bin/../lib/gcc/powerpc-eabi/4.8.2/crtbegin.o
 .rela.text.__lwp_thread_exists
                0x00000000        0x0 c:/devkitpro/devkitppc/bin/../lib/gcc/powerpc-eabi/4.8.2/crtbegin.o
 .rela.text.__lwp_thread_context
                0x00000000        0x0 c:/devkitpro/devkitppc/bin/../lib/gcc/powerpc-eabi/4.8.2/crtbegin.o
 .rela.text.LWP_CreateThread
                0x00000000        0x0 c:/devkitpro/devkitppc/bin/../lib/gcc/powerpc-eabi/4.8.2/crtbegin.o
 .rela.text.LWP_InitQueue
                0x00000000        0x0 c:/devkitpro/devkitppc/bin/../lib/gcc/powerpc-eabi/4.8.2/crtbegin.o
 .rela.text.LWP_CloseQueue
                0x00000000        0x0 c:/devkitpro/devkitppc/bin/../lib/gcc/powerpc-eabi/4.8.2/crtbegin.o
 .rela.text.__lwp_objmgr_initinfo
                0x00000000        0x0 c:/devkitpro/devkitppc/bin/../lib/gcc/powerpc-eabi/4.8.2/crtbegin.o
 .rela.text.__lwp_mutex_locksupp.constprop.7
                0x00000000        0x0 c:/devkitpro/devkitppc/bin/../lib/gcc/powerpc-eabi/4.8.2/crtbegin.o
 .rela.text.__lwp_mutex_init
                0x00000000        0x0 c:/devkitpro/devkitppc/bin/../lib/gcc/powerpc-eabi/4.8.2/crtbegin.o
 .rela.text.LWP_MutexInit
                0x00000000        0x0 c:/devkitpro/devkitppc/bin/../lib/gcc/powerpc-eabi/4.8.2/crtbegin.o
 .rela.text.LWP_MutexDestroy
                0x00000000        0x0 c:/devkitpro/devkitppc/bin/../lib/gcc/powerpc-eabi/4.8.2/crtbegin.o
 .rela.text.LWP_MutexUnlock
                0x00000000        0x0 c:/devkitpro/devkitppc/bin/../lib/gcc/powerpc-eabi/4.8.2/crtbegin.o
 .rela.text.__call_resetfuncs
                0x00000000        0x0 c:/devkitpro/devkitppc/bin/../lib/gcc/powerpc-eabi/4.8.2/crtbegin.o
 .rela.text.__locksram
                0x00000000        0x0 c:/devkitpro/devkitppc/bin/../lib/gcc/powerpc-eabi/4.8.2/crtbegin.o
 .rela.text.__lwp_wd_insert_ticks
                0x00000000        0x0 c:/devkitpro/devkitppc/bin/../lib/gcc/powerpc-eabi/4.8.2/crtbegin.o
 .rela.text.__sram_writecallback
                0x00000000        0x0 c:/devkitpro/devkitppc/bin/../lib/gcc/powerpc-eabi/4.8.2/crtbegin.o
 .rela.text.__unlocksram
                0x00000000        0x0 c:/devkitpro/devkitppc/bin/../lib/gcc/powerpc-eabi/4.8.2/crtbegin.o
 .rela.text.__sram_init
                0x00000000        0x0 c:/devkitpro/devkitppc/bin/../lib/gcc/powerpc-eabi/4.8.2/crtbegin.o
 .rela.text.__SYS_SyncSram
                0x00000000        0x0 c:/devkitpro/devkitppc/bin/../lib/gcc/powerpc-eabi/4.8.2/crtbegin.o
 .rela.text.SYS_ResetSystem
                0x00000000        0x0 c:/devkitpro/devkitppc/bin/../lib/gcc/powerpc-eabi/4.8.2/crtbegin.o
 .rela.text.SYS_Init
                0x00000000        0x0 c:/devkitpro/devkitppc/bin/../lib/gcc/powerpc-eabi/4.8.2/crtbegin.o
 .rela.text.SYS_RemoveAlarm
                0x00000000        0x0 c:/devkitpro/devkitppc/bin/../lib/gcc/powerpc-eabi/4.8.2/crtbegin.o
 .rela.text.SYS_CancelAlarm
                0x00000000        0x0 c:/devkitpro/devkitppc/bin/../lib/gcc/powerpc-eabi/4.8.2/crtbegin.o
 .rela.text.__lwp_cond_open
                0x00000000        0x0 c:/devkitpro/devkitppc/bin/../lib/gcc/powerpc-eabi/4.8.2/crtbegin.o
 .rela.text.__lwp_cond_init
                0x00000000        0x0 c:/devkitpro/devkitppc/bin/../lib/gcc/powerpc-eabi/4.8.2/crtbegin.o
 .rela.text.LWP_CondInit
                0x00000000        0x0 c:/devkitpro/devkitppc/bin/../lib/gcc/powerpc-eabi/4.8.2/crtbegin.o
 .rela.text.LWP_CondDestroy
                0x00000000        0x0 c:/devkitpro/devkitppc/bin/../lib/gcc/powerpc-eabi/4.8.2/crtbegin.o
 .rela.text.__GX_FifoLink
                0x00000000        0x0 c:/devkitpro/devkitppc/bin/../lib/gcc/powerpc-eabi/4.8.2/crtbegin.o
 .rela.text.__GX_WriteFifoIntEnable
                0x00000000        0x0 c:/devkitpro/devkitppc/bin/../lib/gcc/powerpc-eabi/4.8.2/crtbegin.o
 .rela.text.__GX_FifoReadEnable
                0x00000000        0x0 c:/devkitpro/devkitppc/bin/../lib/gcc/powerpc-eabi/4.8.2/crtbegin.o
 .rela.text.__GX_FifoReadDisable
                0x00000000        0x0 c:/devkitpro/devkitppc/bin/../lib/gcc/powerpc-eabi/4.8.2/crtbegin.o
 .rela.text.__GXDefTlutRegionCallback
                0x00000000        0x0 c:/devkitpro/devkitppc/bin/../lib/gcc/powerpc-eabi/4.8.2/crtbegin.o
 .rela.text.__GX_FlushTextureState
                0x00000000        0x0 c:/devkitpro/devkitppc/bin/../lib/gcc/powerpc-eabi/4.8.2/crtbegin.o
 .rela.text.__SetSURegs
                0x00000000        0x0 c:/devkitpro/devkitppc/bin/../lib/gcc/powerpc-eabi/4.8.2/crtbegin.o
 .rela.text.__SETVCDFMT
                0x00000000        0x0 c:/devkitpro/devkitppc/bin/../lib/gcc/powerpc-eabi/4.8.2/crtbegin.o
 .rela.text.__GX_SetMatrixIndex.part.1
                0x00000000        0x0 c:/devkitpro/devkitppc/bin/../lib/gcc/powerpc-eabi/4.8.2/crtbegin.o
 .rela.text.__SETVCDATTR
                0x00000000        0x0 c:/devkitpro/devkitppc/bin/../lib/gcc/powerpc-eabi/4.8.2/crtbegin.o
 .rela.text.__GXDefTexRegionCallback
                0x00000000        0x0 c:/devkitpro/devkitppc/bin/../lib/gcc/powerpc-eabi/4.8.2/crtbegin.o
 .rela.text.__GX_WriteFifoIntReset.constprop.11
                0x00000000        0x0 c:/devkitpro/devkitppc/bin/../lib/gcc/powerpc-eabi/4.8.2/crtbegin.o
 .rela.text.__GXCPInterruptHandler
                0x00000000        0x0 c:/devkitpro/devkitppc/bin/../lib/gcc/powerpc-eabi/4.8.2/crtbegin.o
 .rela.text.__GX_SetDirtyState
                0x00000000        0x0 c:/devkitpro/devkitppc/bin/../lib/gcc/powerpc-eabi/4.8.2/crtbegin.o
 .rela.text.GX_Flush
                0x00000000        0x0 c:/devkitpro/devkitppc/bin/../lib/gcc/powerpc-eabi/4.8.2/crtbegin.o
 .rela.text.GX_EnableBreakPt
                0x00000000        0x0 c:/devkitpro/devkitppc/bin/../lib/gcc/powerpc-eabi/4.8.2/crtbegin.o
 .rela.text.GX_DisableBreakPt
                0x00000000        0x0 c:/devkitpro/devkitppc/bin/../lib/gcc/powerpc-eabi/4.8.2/crtbegin.o
 .rela.text.GX_AbortFrame
                0x00000000        0x0 c:/devkitpro/devkitppc/bin/../lib/gcc/powerpc-eabi/4.8.2/crtbegin.o
 .rela.text.GX_PixModeSync
                0x00000000        0x0 c:/devkitpro/devkitppc/bin/../lib/gcc/powerpc-eabi/4.8.2/crtbegin.o
 .rela.text.GX_SetMisc
                0x00000000        0x0 c:/devkitpro/devkitppc/bin/../lib/gcc/powerpc-eabi/4.8.2/crtbegin.o
 .rela.text.GX_SetCopyClamp
                0x00000000        0x0 c:/devkitpro/devkitppc/bin/../lib/gcc/powerpc-eabi/4.8.2/crtbegin.o
 .rela.text.GX_SetDispCopyGamma
                0x00000000        0x0 c:/devkitpro/devkitppc/bin/../lib/gcc/powerpc-eabi/4.8.2/crtbegin.o
 .rela.text.GX_SetDispCopyFrame2Field
                0x00000000        0x0 c:/devkitpro/devkitppc/bin/../lib/gcc/powerpc-eabi/4.8.2/crtbegin.o
 .rela.text.GX_SetDispCopyYScale
                0x00000000        0x0 c:/devkitpro/devkitppc/bin/../lib/gcc/powerpc-eabi/4.8.2/crtbegin.o
 .rela.text.GX_SetDispCopyDst
                0x00000000        0x0 c:/devkitpro/devkitppc/bin/../lib/gcc/powerpc-eabi/4.8.2/crtbegin.o
 .rela.text.GX_SetDispCopySrc
                0x00000000        0x0 c:/devkitpro/devkitppc/bin/../lib/gcc/powerpc-eabi/4.8.2/crtbegin.o
 .rela.text.GX_CopyDisp
                0x00000000        0x0 c:/devkitpro/devkitppc/bin/../lib/gcc/powerpc-eabi/4.8.2/crtbegin.o
 .rela.text.GX_CopyTex
                0x00000000        0x0 c:/devkitpro/devkitppc/bin/../lib/gcc/powerpc-eabi/4.8.2/crtbegin.o
 .rela.text.GX_SetTexCopySrc
                0x00000000        0x0 c:/devkitpro/devkitppc/bin/../lib/gcc/powerpc-eabi/4.8.2/crtbegin.o
 .rela.text.GX_SetTexCopyDst
                0x00000000        0x0 c:/devkitpro/devkitppc/bin/../lib/gcc/powerpc-eabi/4.8.2/crtbegin.o
 .rela.text.GX_BeginDispList
                0x00000000        0x0 c:/devkitpro/devkitppc/bin/../lib/gcc/powerpc-eabi/4.8.2/crtbegin.o
 .rela.text.GX_EndDispList
                0x00000000        0x0 c:/devkitpro/devkitppc/bin/../lib/gcc/powerpc-eabi/4.8.2/crtbegin.o
 .rela.text.GX_CallDispList
                0x00000000        0x0 c:/devkitpro/devkitppc/bin/../lib/gcc/powerpc-eabi/4.8.2/crtbegin.o
 .rela.text.GX_SetChanCtrl
                0x00000000        0x0 c:/devkitpro/devkitppc/bin/../lib/gcc/powerpc-eabi/4.8.2/crtbegin.o
 .rela.text.GX_SetChanAmbColor
                0x00000000        0x0 c:/devkitpro/devkitppc/bin/../lib/gcc/powerpc-eabi/4.8.2/crtbegin.o
 .rela.text.GX_SetChanMatColor
                0x00000000        0x0 c:/devkitpro/devkitppc/bin/../lib/gcc/powerpc-eabi/4.8.2/crtbegin.o
 .rela.text.GX_SetVtxDesc
                0x00000000        0x0 c:/devkitpro/devkitppc/bin/../lib/gcc/powerpc-eabi/4.8.2/crtbegin.o
 .rela.text.GX_SetVtxDescv
                0x00000000        0x0 c:/devkitpro/devkitppc/bin/../lib/gcc/powerpc-eabi/4.8.2/crtbegin.o
 .rela.text.GX_GetVtxDescv
                0x00000000        0x0 c:/devkitpro/devkitppc/bin/../lib/gcc/powerpc-eabi/4.8.2/crtbegin.o
 .rela.text.GX_SetVtxAttrFmt
                0x00000000        0x0 c:/devkitpro/devkitppc/bin/../lib/gcc/powerpc-eabi/4.8.2/crtbegin.o
 .rela.text.GX_SetVtxAttrFmtv
                0x00000000        0x0 c:/devkitpro/devkitppc/bin/../lib/gcc/powerpc-eabi/4.8.2/crtbegin.o
 .rela.text.GX_Begin
                0x00000000        0x0 c:/devkitpro/devkitppc/bin/../lib/gcc/powerpc-eabi/4.8.2/crtbegin.o
 .rela.text.GX_SetTexCoordGen2
                0x00000000        0x0 c:/devkitpro/devkitppc/bin/../lib/gcc/powerpc-eabi/4.8.2/crtbegin.o
 .rela.text.GX_SetCurrentMtx
                0x00000000        0x0 c:/devkitpro/devkitppc/bin/../lib/gcc/powerpc-eabi/4.8.2/crtbegin.o
 .rela.text.GX_SetNumTexGens
                0x00000000        0x0 c:/devkitpro/devkitppc/bin/../lib/gcc/powerpc-eabi/4.8.2/crtbegin.o
 .rela.text.GX_SetZMode
                0x00000000        0x0 c:/devkitpro/devkitppc/bin/../lib/gcc/powerpc-eabi/4.8.2/crtbegin.o
 .rela.text.GX_LoadTexObjPreloaded
                0x00000000        0x0 c:/devkitpro/devkitppc/bin/../lib/gcc/powerpc-eabi/4.8.2/crtbegin.o
 .rela.text.GX_SetTexCoordScaleManually
                0x00000000        0x0 c:/devkitpro/devkitppc/bin/../lib/gcc/powerpc-eabi/4.8.2/crtbegin.o
 .rela.text.GX_SetTexCoordCylWrap
                0x00000000        0x0 c:/devkitpro/devkitppc/bin/../lib/gcc/powerpc-eabi/4.8.2/crtbegin.o
 .rela.text.GX_SetTexCoordBias
                0x00000000        0x0 c:/devkitpro/devkitppc/bin/../lib/gcc/powerpc-eabi/4.8.2/crtbegin.o
 .rela.text.GX_SetBlendMode
                0x00000000        0x0 c:/devkitpro/devkitppc/bin/../lib/gcc/powerpc-eabi/4.8.2/crtbegin.o
 .rela.text.GX_ClearVtxDesc
                0x00000000        0x0 c:/devkitpro/devkitppc/bin/../lib/gcc/powerpc-eabi/4.8.2/crtbegin.o
 .rela.text.GX_SetLineWidth
                0x00000000        0x0 c:/devkitpro/devkitppc/bin/../lib/gcc/powerpc-eabi/4.8.2/crtbegin.o
 .rela.text.GX_SetPointSize
                0x00000000        0x0 c:/devkitpro/devkitppc/bin/../lib/gcc/powerpc-eabi/4.8.2/crtbegin.o
 .rela.text.GX_SetTevColorIn
                0x00000000        0x0 c:/devkitpro/devkitppc/bin/../lib/gcc/powerpc-eabi/4.8.2/crtbegin.o
 .rela.text.GX_SetTevAlphaIn
                0x00000000        0x0 c:/devkitpro/devkitppc/bin/../lib/gcc/powerpc-eabi/4.8.2/crtbegin.o
 .rela.text.GX_SetTevColorOp
                0x00000000        0x0 c:/devkitpro/devkitppc/bin/../lib/gcc/powerpc-eabi/4.8.2/crtbegin.o
 .rela.text.GX_SetTevAlphaOp
                0x00000000        0x0 c:/devkitpro/devkitppc/bin/../lib/gcc/powerpc-eabi/4.8.2/crtbegin.o
 .rela.text.GX_SetCullMode
                0x00000000        0x0 c:/devkitpro/devkitppc/bin/../lib/gcc/powerpc-eabi/4.8.2/crtbegin.o
 .rela.text.GX_SetCoPlanar
                0x00000000        0x0 c:/devkitpro/devkitppc/bin/../lib/gcc/powerpc-eabi/4.8.2/crtbegin.o
 .rela.text.GX_EnableTexOffsets
                0x00000000        0x0 c:/devkitpro/devkitppc/bin/../lib/gcc/powerpc-eabi/4.8.2/crtbegin.o
 .rela.text.GX_SetScissor
                0x00000000        0x0 c:/devkitpro/devkitppc/bin/../lib/gcc/powerpc-eabi/4.8.2/crtbegin.o
 .rela.text.GX_SetNumChans
                0x00000000        0x0 c:/devkitpro/devkitppc/bin/../lib/gcc/powerpc-eabi/4.8.2/crtbegin.o
 .rela.text.GX_SetTevOrder
                0x00000000        0x0 c:/devkitpro/devkitppc/bin/../lib/gcc/powerpc-eabi/4.8.2/crtbegin.o
 .rela.text.GX_SetNumTevStages
                0x00000000        0x0 c:/devkitpro/devkitppc/bin/../lib/gcc/powerpc-eabi/4.8.2/crtbegin.o
 .rela.text.GX_SetTevKColorSel
                0x00000000        0x0 c:/devkitpro/devkitppc/bin/../lib/gcc/powerpc-eabi/4.8.2/crtbegin.o
 .rela.text.GX_SetTevKAlphaSel
                0x00000000        0x0 c:/devkitpro/devkitppc/bin/../lib/gcc/powerpc-eabi/4.8.2/crtbegin.o
 .rela.text.GX_SetTevSwapMode
                0x00000000        0x0 c:/devkitpro/devkitppc/bin/../lib/gcc/powerpc-eabi/4.8.2/crtbegin.o
 .rela.text.GX_SetTevSwapModeTable
                0x00000000        0x0 c:/devkitpro/devkitppc/bin/../lib/gcc/powerpc-eabi/4.8.2/crtbegin.o
 .rela.text.GX_SetNumIndStages
                0x00000000        0x0 c:/devkitpro/devkitppc/bin/../lib/gcc/powerpc-eabi/4.8.2/crtbegin.o
 .rela.text.GX_SetIndTexCoordScale
                0x00000000        0x0 c:/devkitpro/devkitppc/bin/../lib/gcc/powerpc-eabi/4.8.2/crtbegin.o
 .rela.text.GX_SetColorUpdate
                0x00000000        0x0 c:/devkitpro/devkitppc/bin/../lib/gcc/powerpc-eabi/4.8.2/crtbegin.o
 .rela.text.GX_SetAlphaUpdate
                0x00000000        0x0 c:/devkitpro/devkitppc/bin/../lib/gcc/powerpc-eabi/4.8.2/crtbegin.o
 .rela.text.GX_SetZCompLoc
                0x00000000        0x0 c:/devkitpro/devkitppc/bin/../lib/gcc/powerpc-eabi/4.8.2/crtbegin.o
 .rela.text.GX_SetPixelFmt
                0x00000000        0x0 c:/devkitpro/devkitppc/bin/../lib/gcc/powerpc-eabi/4.8.2/crtbegin.o
 .rela.text.GX_SetDither
                0x00000000        0x0 c:/devkitpro/devkitppc/bin/../lib/gcc/powerpc-eabi/4.8.2/crtbegin.o
 .rela.text.GX_SetDstAlpha
                0x00000000        0x0 c:/devkitpro/devkitppc/bin/../lib/gcc/powerpc-eabi/4.8.2/crtbegin.o
 .rela.text.GX_SetFieldMode
                0x00000000        0x0 c:/devkitpro/devkitppc/bin/../lib/gcc/powerpc-eabi/4.8.2/crtbegin.o
 .rela.text.GX_SetIndTexOrder
                0x00000000        0x0 c:/devkitpro/devkitppc/bin/../lib/gcc/powerpc-eabi/4.8.2/crtbegin.o
 .rela.text.GX_SetGPMetric
                0x00000000        0x0 c:/devkitpro/devkitppc/bin/../lib/gcc/powerpc-eabi/4.8.2/crtbegin.o
 .rela.text.GX_Init
                0x00000000        0x0 c:/devkitpro/devkitppc/bin/../lib/gcc/powerpc-eabi/4.8.2/crtbegin.o
 .rela.text.GX_ReadGPMetric
                0x00000000        0x0 c:/devkitpro/devkitppc/bin/../lib/gcc/powerpc-eabi/4.8.2/crtbegin.o
 .rela.text.c_decrementer_handler
                0x00000000        0x0 c:/devkitpro/devkitppc/bin/../lib/gcc/powerpc-eabi/4.8.2/crtbegin.o
 .rela.text.__lwp_mqbox_open
                0x00000000        0x0 c:/devkitpro/devkitppc/bin/../lib/gcc/powerpc-eabi/4.8.2/crtbegin.o
 .rela.text.__lwp_mqbox_init
                0x00000000        0x0 c:/devkitpro/devkitppc/bin/../lib/gcc/powerpc-eabi/4.8.2/crtbegin.o
 .rela.text.MQ_Init
                0x00000000        0x0 c:/devkitpro/devkitppc/bin/../lib/gcc/powerpc-eabi/4.8.2/crtbegin.o
 .rela.text.MQ_Close
                0x00000000        0x0 c:/devkitpro/devkitppc/bin/../lib/gcc/powerpc-eabi/4.8.2/crtbegin.o
 .rela.text.nanosleep
                0x00000000        0x0 c:/devkitpro/devkitppc/bin/../lib/gcc/powerpc-eabi/4.8.2/crtbegin.o
 .rela.text.__libc_delete_hook
                0x00000000        0x0 c:/devkitpro/devkitppc/bin/../lib/gcc/powerpc-eabi/4.8.2/crtbegin.o
 .rela.text.__libc_init
                0x00000000        0x0 c:/devkitpro/devkitppc/bin/../lib/gcc/powerpc-eabi/4.8.2/crtbegin.o
 .rela.text.__libc_wrapup
                0x00000000        0x0 c:/devkitpro/devkitppc/bin/../lib/gcc/powerpc-eabi/4.8.2/crtbegin.o
 .rela.text.__CheckARGV
                0x00000000        0x0 c:/devkitpro/devkitppc/bin/../lib/gcc/powerpc-eabi/4.8.2/crtbegin.o
 .rela.text.__lwp_priority_init
                0x00000000        0x0 c:/devkitpro/devkitppc/bin/../lib/gcc/powerpc-eabi/4.8.2/crtbegin.o
 .rela.text.__lwp_threadqueue_enqueuefifo
                0x00000000        0x0 c:/devkitpro/devkitppc/bin/../lib/gcc/powerpc-eabi/4.8.2/crtbegin.o
 .rela.text.__lwp_threadqueue_dequeuefifo
                0x00000000        0x0 c:/devkitpro/devkitppc/bin/../lib/gcc/powerpc-eabi/4.8.2/crtbegin.o
 .rela.text.__lwp_threadqueue_enqueuepriority
                0x00000000        0x0 c:/devkitpro/devkitppc/bin/../lib/gcc/powerpc-eabi/4.8.2/crtbegin.o
 .rela.text.__lwp_threadqueue_dequeuepriority
                0x00000000        0x0 c:/devkitpro/devkitppc/bin/../lib/gcc/powerpc-eabi/4.8.2/crtbegin.o
 .rela.text.__lwp_threadqueue_enqueue
                0x00000000        0x0 c:/devkitpro/devkitppc/bin/../lib/gcc/powerpc-eabi/4.8.2/crtbegin.o
 .rela.text.__lwp_threadqueue_extractfifo
                0x00000000        0x0 c:/devkitpro/devkitppc/bin/../lib/gcc/powerpc-eabi/4.8.2/crtbegin.o
 .rela.text.__lwp_threadqueue_extractpriority
                0x00000000        0x0 c:/devkitpro/devkitppc/bin/../lib/gcc/powerpc-eabi/4.8.2/crtbegin.o
 .rela.text.__lwp_thread_calcheir
                0x00000000        0x0 c:/devkitpro/devkitppc/bin/../lib/gcc/powerpc-eabi/4.8.2/crtbegin.o
 .rela.text.__lwp_wd_insert_ticks.constprop.4
                0x00000000        0x0 c:/devkitpro/devkitppc/bin/../lib/gcc/powerpc-eabi/4.8.2/crtbegin.o
 .rela.text.__lwp_rotate_readyqueue
                0x00000000        0x0 c:/devkitpro/devkitppc/bin/../lib/gcc/powerpc-eabi/4.8.2/crtbegin.o
 .rela.text.__lwp_thread_setpriority
                0x00000000        0x0 c:/devkitpro/devkitppc/bin/../lib/gcc/powerpc-eabi/4.8.2/crtbegin.o
 .rela.text.__lwp_thread_close
                0x00000000        0x0 c:/devkitpro/devkitppc/bin/../lib/gcc/powerpc-eabi/4.8.2/crtbegin.o
 .rela.text.__lwp_thread_closeall
                0x00000000        0x0 c:/devkitpro/devkitppc/bin/../lib/gcc/powerpc-eabi/4.8.2/crtbegin.o
 .rela.text.__lwp_thread_startmultitasking
                0x00000000        0x0 c:/devkitpro/devkitppc/bin/../lib/gcc/powerpc-eabi/4.8.2/crtbegin.o
 .rela.text.__lwp_thread_stopmultitasking
                0x00000000        0x0 c:/devkitpro/devkitppc/bin/../lib/gcc/powerpc-eabi/4.8.2/crtbegin.o
 .rela.text.__lwp_thread_coreinit
                0x00000000        0x0 c:/devkitpro/devkitppc/bin/../lib/gcc/powerpc-eabi/4.8.2/crtbegin.o
 .rela.text.__lwpmq_initialize
                0x00000000        0x0 c:/devkitpro/devkitppc/bin/../lib/gcc/powerpc-eabi/4.8.2/crtbegin.o
 .rela.text.__lwpmq_close
                0x00000000        0x0 c:/devkitpro/devkitppc/bin/../lib/gcc/powerpc-eabi/4.8.2/crtbegin.o
 .rela.text.__lwp_stack_allocate
                0x00000000        0x0 c:/devkitpro/devkitppc/bin/../lib/gcc/powerpc-eabi/4.8.2/crtbegin.o
 .rela.text.__lwp_stack_free
                0x00000000        0x0 c:/devkitpro/devkitppc/bin/../lib/gcc/powerpc-eabi/4.8.2/crtbegin.o
 .rela.text.__lwp_watchdog_init
                0x00000000        0x0 c:/devkitpro/devkitppc/bin/../lib/gcc/powerpc-eabi/4.8.2/crtbegin.o
 .rela.text.__lwp_wd_tickle
                0x00000000        0x0 c:/devkitpro/devkitppc/bin/../lib/gcc/powerpc-eabi/4.8.2/crtbegin.o
 .rela.text.__lwp_wkspace_heapfree
                0x00000000        0x0 c:/devkitpro/devkitppc/bin/../lib/gcc/powerpc-eabi/4.8.2/crtbegin.o
 .rela.text.__lwp_wkspace_heapused
                0x00000000        0x0 c:/devkitpro/devkitppc/bin/../lib/gcc/powerpc-eabi/4.8.2/crtbegin.o
 .rela.text.__lwp_wkspace_init
                0x00000000        0x0 c:/devkitpro/devkitppc/bin/../lib/gcc/powerpc-eabi/4.8.2/crtbegin.o
 .rela.text.__systemcall_init
                0x00000000        0x0 c:/devkitpro/devkitppc/bin/../lib/gcc/powerpc-eabi/4.8.2/crtbegin.o
 .rela.text.__exception_init
                0x00000000        0x0 c:/devkitpro/devkitppc/bin/../lib/gcc/powerpc-eabi/4.8.2/crtbegin.o
 .rela.text.__exception_close
                0x00000000        0x0 c:/devkitpro/devkitppc/bin/../lib/gcc/powerpc-eabi/4.8.2/crtbegin.o
 .rela.text.__exception_sethandler
                0x00000000        0x0 c:/devkitpro/devkitppc/bin/../lib/gcc/powerpc-eabi/4.8.2/crtbegin.o
 .rela.text.__irq_init
                0x00000000        0x0 c:/devkitpro/devkitppc/bin/../lib/gcc/powerpc-eabi/4.8.2/crtbegin.o
 .rela.text.__lwp_sema_open
                0x00000000        0x0 c:/devkitpro/devkitppc/bin/../lib/gcc/powerpc-eabi/4.8.2/crtbegin.o
 .rela.text.__lwp_sema_init
                0x00000000        0x0 c:/devkitpro/devkitppc/bin/../lib/gcc/powerpc-eabi/4.8.2/crtbegin.o
 .rela.text.LWP_SemInit
                0x00000000        0x0 c:/devkitpro/devkitppc/bin/../lib/gcc/powerpc-eabi/4.8.2/crtbegin.o
 .rela.text.LWP_SemDestroy
                0x00000000        0x0 c:/devkitpro/devkitppc/bin/../lib/gcc/powerpc-eabi/4.8.2/crtbegin.o
 .rela.text.kprintf
                0x00000000        0x0 c:/devkitpro/devkitppc/bin/../lib/gcc/powerpc-eabi/4.8.2/crtbegin.o
 .rela.text.__card_readcid
                0x00000000        0x0 c:/devkitpro/devkitppc/bin/../lib/gcc/powerpc-eabi/4.8.2/crtbegin.o
 .rela.text.__card_readcsd
                0x00000000        0x0 c:/devkitpro/devkitppc/bin/../lib/gcc/powerpc-eabi/4.8.2/crtbegin.o
 .rela.text.__card_sd_status
                0x00000000        0x0 c:/devkitpro/devkitppc/bin/../lib/gcc/powerpc-eabi/4.8.2/crtbegin.o
 .rela.text.sdgecko_initIO
                0x00000000        0x0 c:/devkitpro/devkitppc/bin/../lib/gcc/powerpc-eabi/4.8.2/crtbegin.o
 .rela.text.sinef
                0x00000000        0x0 c:/devkitpro/devkitppc/bin/../lib/gcc/powerpc-eabi/4.8.2/crtbegin.o
 .rela.text.sqrtf
                0x00000000        0x0 c:/devkitpro/devkitppc/bin/../lib/gcc/powerpc-eabi/4.8.2/crtbegin.o
 .rela.text.tanf
                0x00000000        0x0 c:/devkitpro/devkitppc/bin/../lib/gcc/powerpc-eabi/4.8.2/crtbegin.o
 .rela.text.calloc
                0x00000000        0x0 c:/devkitpro/devkitppc/bin/../lib/gcc/powerpc-eabi/4.8.2/crtbegin.o
 .rela.text.__errno
                0x00000000        0x0 c:/devkitpro/devkitppc/bin/../lib/gcc/powerpc-eabi/4.8.2/crtbegin.o
 .rela.text.exit
                0x00000000        0x0 c:/devkitpro/devkitppc/bin/../lib/gcc/powerpc-eabi/4.8.2/crtbegin.o
 .rela.text.fprintf
                0x00000000        0x0 c:/devkitpro/devkitppc/bin/../lib/gcc/powerpc-eabi/4.8.2/crtbegin.o
 .rela.text.loadlocale
                0x00000000        0x0 c:/devkitpro/devkitppc/bin/../lib/gcc/powerpc-eabi/4.8.2/crtbegin.o
 .rela.text._mbrtowc_r
                0x00000000        0x0 c:/devkitpro/devkitppc/bin/../lib/gcc/powerpc-eabi/4.8.2/crtbegin.o
 .rela.text.mbrtowc
                0x00000000        0x0 c:/devkitpro/devkitppc/bin/../lib/gcc/powerpc-eabi/4.8.2/crtbegin.o
 .rela.text.mktime
                0x00000000        0x0 c:/devkitpro/devkitppc/bin/../lib/gcc/powerpc-eabi/4.8.2/crtbegin.o
 .rela.text._mktm_r
                0x00000000        0x0 c:/devkitpro/devkitppc/bin/../lib/gcc/powerpc-eabi/4.8.2/crtbegin.o
 .rela.text.setvbuf
                0x00000000        0x0 c:/devkitpro/devkitppc/bin/../lib/gcc/powerpc-eabi/4.8.2/crtbegin.o
 .rela.text._wcrtomb_r
                0x00000000        0x0 c:/devkitpro/devkitppc/bin/../lib/gcc/powerpc-eabi/4.8.2/crtbegin.o
 .rela.text.wcrtomb
                0x00000000        0x0 c:/devkitpro/devkitppc/bin/../lib/gcc/powerpc-eabi/4.8.2/crtbegin.o
 .rela.text.wctob
                0x00000000        0x0 c:/devkitpro/devkitppc/bin/../lib/gcc/powerpc-eabi/4.8.2/crtbegin.o
 .rela.text.__call_exitprocs
                0x00000000        0x0 c:/devkitpro/devkitppc/bin/../lib/gcc/powerpc-eabi/4.8.2/crtbegin.o
 .rela.text._dtoa_r
                0x00000000        0x0 c:/devkitpro/devkitppc/bin/../lib/gcc/powerpc-eabi/4.8.2/crtbegin.o
 .rela.text._cleanup_r
                0x00000000        0x0 c:/devkitpro/devkitppc/bin/../lib/gcc/powerpc-eabi/4.8.2/crtbegin.o
 .rela.text.std.isra.0
                0x00000000        0x0 c:/devkitpro/devkitppc/bin/../lib/gcc/powerpc-eabi/4.8.2/crtbegin.o
 .rela.text._cleanup
                0x00000000        0x0 c:/devkitpro/devkitppc/bin/../lib/gcc/powerpc-eabi/4.8.2/crtbegin.o
 .rela.text._findenv_r
                0x00000000        0x0 c:/devkitpro/devkitppc/bin/../lib/gcc/powerpc-eabi/4.8.2/crtbegin.o
 .rela.text.__smakebuf_r
                0x00000000        0x0 c:/devkitpro/devkitppc/bin/../lib/gcc/powerpc-eabi/4.8.2/crtbegin.o

.rel.fini
 *(.rel.fini)

.rela.fini
 *(.rela.fini)

.rel.rodata
 *(.rel.rodata .rel.rodata.* .rel.gnu.linkonce.r.*)

.rela.rodata    0x80003294        0x0
 *(.rela.rodata .rela.rodata.* .rela.gnu.linkonce.r.*)
 .rela.rodata.dotab_fat
                0x00000000        0x0 c:/devkitpro/devkitppc/bin/../lib/gcc/powerpc-eabi/4.8.2/crtbegin.o

.rel.data
 *(.rel.data .rel.data.* .rel.gnu.linkonce.d.*)

.rela.data
 *(.rela.data .rela.data.* .rela.gnu.linkonce.d.*)

.rel.tdata
 *(.rel.tdata .rel.tdata.* .rel.gnu.linkonce.td.*)

.rela.tdata
 *(.rela.tdata .rela.tdata.* .rela.gnu.linkonce.td.*)

.rel.tbss
 *(.rel.tbss .rel.tbss.* .rel.gnu.linkonce.tb.*)

.rela.tbss
 *(.rela.tbss .rela.tbss.* .rela.gnu.linkonce.tb.*)

.rel.ctors
 *(.rel.ctors)

.rela.ctors
 *(.rela.ctors)

.rel.dtors
 *(.rel.dtors)

.rela.dtors
 *(.rela.dtors)

.rel.got
 *(.rel.got)

.rela.got
 *(.rela.got)

.rela.got1
 *(.rela.got1)

.rela.got2      0x80003294        0x0
 *(.rela.got2)
 .rela.got2     0x00000000        0x0 c:/devkitpro/devkitppc/bin/../lib/gcc/powerpc-eabi/4.8.2/crtbegin.o

.rel.sdata
 *(.rel.sdata .rel.sdata.* .rel.gnu.linkonce.s.*)

.rela.sdata
 *(.rela.sdata .rela.sdata.* .rela.gnu.linkonce.s.*)

.rel.sbss
 *(.rel.sbss .rel.sbss.* .rel.gnu.linkonce.sb.*)

.rela.sbss
 *(.rela.sbss .rela.sbss.* .rel.gnu.linkonce.sb.*)

.rel.sdata2
 *(.rel.sdata2 .rel.sdata2.* .rel.gnu.linkonce.s2.*)

.rela.sdata2    0x80003294        0x0
 *(.rela.sdata2 .rela.sdata2.* .rela.gnu.linkonce.s2.*)
 .rela.sdata2.__sys_inIPL
                0x00000000        0x0 c:/devkitpro/devkitppc/bin/../lib/gcc/powerpc-eabi/4.8.2/crtbegin.o

.rel.sbss2
 *(.rel.sbss2 .rel.sbss2.* .rel.gnu.linkonce.sb2.*)

.rela.sbss2
 *(.rela.sbss2 .rela.sbss2.* .rela.gnu.linkonce.sb2.*)

.rel.bss
 *(.rel.bss .rel.bss.* .rel.gnu.linkonce.b.*)

.rela.bss
 *(.rela.bss .rela.bss.* .rela.gnu.linkonce.b.*)

.rel.plt
 *(.rel.plt)

.rela.plt
 *(.rela.plt)

.text           0x800032a0    0x3b2a0
 *(.text)
 .text          0x800032a0      0x1e0 c:/devkitpro/devkitppc/bin/../lib/gcc/powerpc-eabi/4.8.2/crtbegin.o
 .text          0x80003480       0x44 c:/devkitpro/devkitppc/bin/../lib/gcc/powerpc-eabi/4.8.2/../../../../powerpc-eabi/lib/crtmain.o
                0x80003484                __crtmain
 .text          0x800034c4      0x4f4 c:/devkitPro/libogc/lib/cube\libogc.a(cache_asm.o)
                0x800034c4                DCFlashInvalidate
                0x800034d8                DCEnable
                0x800034ec                DCDisable
                0x80003500                DCFreeze
                0x80003514                DCUnfreeze
                0x80003528                DCTouchLoad
                0x80003530                DCBlockZero
                0x80003538                DCBlockStore
                0x80003540                DCBlockFlush
                0x80003548                DCBlockInvalidate
                0x80003550                DCInvalidateRange
                0x80003580                DCFlushRange
                0x800035b4                DCStoreRange
                0x800035e8                DCFlushRangeNoSync
                0x80003618                DCStoreRangeNoSync
                0x80003648                DCZeroRange
                0x80003678                DCTouchRange
                0x800036a8                ICInvalidateRange
                0x800036e0                ICFlashInvalidate
                0x800036f4                ICEnable
                0x80003708                ICDisable
                0x8000371c                ICFreeze
                0x80003730                ICUnfreeze
                0x80003744                ICBlockInvalidate
                0x8000374c                ICSync
                0x80003754                L2Init
                0x8000379c                L2Enable
                0x800037b8                L2Disable
                0x800037d0                L2GlobalInvalidate
                0x80003828                __LCEnable
                0x800038f4                LCDisable
                0x8000391c                LCAllocOneTag
                0x80003930                LCAllocTags
                0x80003970                LCLoadBlocks
                0x80003994                LCStoreBlocks
 .text          0x800039b8      0x434 c:/devkitPro/libogc/lib/cube\libogc.a(system_asm.o)
                0x800039b8                __realmode
                0x800039d0                __configBATS
                0x80003aa4                __InitFPRS
                0x80003bd0                __InitPS
                0x80003c2c                __InitCache
                0x80003c84                __InitSystem
                0x80003cfc                __flush_cache
                0x80003d30                __reset
                0x80003da0                __InitBATS
                0x80003dbc                SYS_SwitchFiber
 .text          0x80003dec      0x8dc c:/devkitPro/libogc/lib/cube\libogc.a(gu_psasm.o)
                0x80003dec                ps_guMtxConcat
                0x80003eb0                ps_guMtxIdentity
                0x80003edc                ps_guMtxCopy
                0x80003f10                ps_guMtxTranspose
                0x80003f60                ps_guMtxInverse
                0x80004058                ps_guMtxInvXpose
                0x80004120                ps_guMtxScale
                0x80004148                ps_guMtxScaleApply
                0x800041a0                ps_guMtxApplyScale
                0x80004204                ps_guMtxTrans
                0x80004238                ps_guMtxTransApply
                0x80004284                ps_guMtxApplyTrans
                0x80004300                ps_guMtxRotTrig
                0x800043b0                __ps_guMtxRotAxisRadInternal
                0x80004470                ps_guMtxReflect
                0x800044e0                ps_guVecAdd
                0x80004504                ps_guVecSub
                0x80004528                ps_guVecScale
                0x80004544                ps_guVecNormalize
                0x80004588                ps_guVecCross
                0x800045c4                ps_guVecDotProduct
                0x800045e4                ps_guVecMultiply
                0x80004638                ps_guVecMultiplySR
                0x800046a8                ps_guQuatDotProduct
 *fill*         0x800046c8       0x18 00000000
 .text          0x800046e0      0x44c c:/devkitPro/libogc/lib/cube\libogc.a(lwp_handler.o)
                0x800046e0                _cpu_context_save_fp
                0x80004820                _cpu_context_restore_fp
                0x80004960                _cpu_context_switch
                0x80004a40                _cpu_context_save
                0x80004ac0                _cpu_context_restore
 .text          0x80004b2c      0x1ac c:/devkitPro/libogc/lib/cube\libogc.a(irq_handler.o)
                0x80004b2c                irq_exceptionhandler
 .text          0x80004cd8      0x118 c:/devkitPro/libogc/lib/cube\libogc.a(video_asm.o)
                0x80004cd8                __VIClearFramebuffer
 .text          0x80004df0      0x1ac c:/devkitPro/libogc/lib/cube\libogc.a(decrementer_handler.o)
                0x80004df0                dec_exceptionhandler
 .text          0x80004f9c      0x35c c:/devkitPro/libogc/lib/cube\libogc.a(exception_handler.o)
                0x80004f9c                exceptionhandler_start
                0x80005018                exceptionhandler_patch
                0x8000504c                exceptionhandler_end
                0x80005050                default_exceptionhandler
                0x80005180                fpu_exceptionhandler
                0x800052c8                systemcallhandler_start
                0x800052f4                systemcallhandler_end
 .text          0x800052f8       0x40 c:/devkitpro/devkitppc/bin/../lib/gcc/powerpc-eabi/4.8.2\libgcc.a(_ashldi3.o)
                0x800052f8                __ashldi3
 .text          0x80005338      0x420 c:/devkitpro/devkitppc/bin/../lib/gcc/powerpc-eabi/4.8.2\libgcc.a(_divdi3.o)
                0x80005338                __divdi3
 .text          0x80005758      0x414 c:/devkitpro/devkitppc/bin/../lib/gcc/powerpc-eabi/4.8.2\libgcc.a(_udivdi3.o)
                0x80005758                __udivdi3
 .text          0x80005b6c      0x3b8 c:/devkitpro/devkitppc/bin/../lib/gcc/powerpc-eabi/4.8.2\libgcc.a(_umoddi3.o)
                0x80005b6c                __umoddi3
 .text          0x80005f24       0x48 c:/devkitpro/devkitppc/bin/../lib/gcc/powerpc-eabi/4.8.2\libgcc.a(eabi.o)
                0x80005f24                __eabi
 .text          0x80005f6c       0x58 c:/devkitpro/devkitppc/bin/../lib/gcc/powerpc-eabi/4.8.2\libgcc.a(crtresxgpr.o)
                0x80005f6c                _restgpr_14_x
                0x80005f70                _restgpr_15_x
                0x80005f74                _restgpr_16_x
                0x80005f78                _restgpr_17_x
                0x80005f7c                _restgpr_18_x
                0x80005f80                _restgpr_19_x
                0x80005f84                _restgpr_20_x
                0x80005f88                _restgpr_21_x
                0x80005f8c                _restgpr_22_x
                0x80005f90                _restgpr_23_x
                0x80005f94                _restgpr_24_x
                0x80005f98                _restgpr_25_x
                0x80005f9c                _restgpr_26_x
                0x80005fa0                _restgpr_27_x
                0x80005fa4                _restgpr_28_x
                0x80005fa8                _restgpr_29_x
                0x80005fac                _restgpr_30_x
                0x80005fb0                _restgpr_31_x
 .text          0x80005fc4       0x28 c:/devkitpro/devkitppc/bin/../lib/gcc/powerpc-eabi/4.8.2/../../../../powerpc-eabi/lib\libsysbase.a(abort.o)
                0x80005fc4                abort
 .text          0x80005fec      0x2f8 c:/devkitpro/devkitppc/bin/../lib/gcc/powerpc-eabi/4.8.2/../../../../powerpc-eabi/lib\libsysbase.a(iosupport.o)
                0x80005fec                setDefaultDevice
                0x80006004                FindDevice
                0x80006128                RemoveDevice
                0x80006178                AddDevice
                0x80006294                GetDeviceOpTab
 .text          0x800062e4       0x28 c:/devkitpro/devkitppc/bin/../lib/gcc/powerpc-eabi/4.8.2/../../../../powerpc-eabi/lib\libsysbase.a(_exit.o)
                0x800062e4                _exit
 .text          0x8000630c      0x4ec c:/devkitpro/devkitppc/bin/../lib/gcc/powerpc-eabi/4.8.2/../../../../powerpc-eabi/lib\libsysbase.a(chdir.o)
                0x8000630c                _concatenate_path
                0x8000659c                chdir
                0x8000671c                getcwd
 .text          0x800067f8       0x88 c:/devkitpro/devkitppc/bin/../lib/gcc/powerpc-eabi/4.8.2/../../../../powerpc-eabi/lib\libsysbase.a(build_argv.o)
                0x800067f8                build_argv
 .text          0x80006880       0xb0 c:/devkitpro/devkitppc/bin/../lib/gcc/powerpc-eabi/4.8.2/../../../../powerpc-eabi/lib\libsysbase.a(syscall_support.o)
                0x80006880                __libc_lock_init
                0x800068a0                __libc_lock_close
                0x800068c0                __libc_lock_release
                0x800068e0                __libc_lock_acquire
                0x80006900                __malloc_lock
                0x80006918                __malloc_unlock
 .text          0x80006930       0xa0 c:/devkitpro/devkitppc/bin/../lib/gcc/powerpc-eabi/4.8.2/../../../../powerpc-eabi/lib\libsysbase.a(close.o)
                0x80006930                _close_r
 .text          0x800069d0       0xb0 c:/devkitpro/devkitppc/bin/../lib/gcc/powerpc-eabi/4.8.2/../../../../powerpc-eabi/lib\libsysbase.a(fstat.o)
                0x800069d0                _fstat_r
 .text          0x80006a80       0x10 c:/devkitpro/devkitppc/bin/../lib/gcc/powerpc-eabi/4.8.2/../../../../powerpc-eabi/lib\libsysbase.a(getpid.o)
                0x80006a80                _getpid_r
 .text          0x80006a90        0x8 c:/devkitpro/devkitppc/bin/../lib/gcc/powerpc-eabi/4.8.2/../../../../powerpc-eabi/lib\libsysbase.a(isatty.o)
                0x80006a90                _isatty_r
 .text          0x80006a98       0x10 c:/devkitpro/devkitppc/bin/../lib/gcc/powerpc-eabi/4.8.2/../../../../powerpc-eabi/lib\libsysbase.a(kill.o)
                0x80006a98                _kill_r
 .text          0x80006aa8       0xc0 c:/devkitpro/devkitppc/bin/../lib/gcc/powerpc-eabi/4.8.2/../../../../powerpc-eabi/lib\libsysbase.a(lseek.o)
                0x80006aa8                _lseek_r
 .text          0x80006b68       0xb0 c:/devkitpro/devkitppc/bin/../lib/gcc/powerpc-eabi/4.8.2/../../../../powerpc-eabi/lib\libsysbase.a(read.o)
                0x80006b68                _read_r
 .text          0x80006c18       0x28 c:/devkitpro/devkitppc/bin/../lib/gcc/powerpc-eabi/4.8.2/../../../../powerpc-eabi/lib\libsysbase.a(sbrk.o)
                0x80006c18                _sbrk_r
 .text          0x80006c40       0xb8 c:/devkitpro/devkitppc/bin/../lib/gcc/powerpc-eabi/4.8.2/../../../../powerpc-eabi/lib\libsysbase.a(write.o)
                0x80006c40                _write_r
 .text          0x80006cf8       0x4c c:/devkitpro/devkitppc/bin/../lib/gcc/powerpc-eabi/4.8.2/../../../../powerpc-eabi/lib\libsysbase.a(flock.o)
                0x80006cf8                __flockfile
                0x80006d3c                __funlockfile
 .text          0x80006d44      0x174 c:/devkitpro/devkitppc/bin/../lib/gcc/powerpc-eabi/4.8.2/../../../../powerpc-eabi/lib\libsysbase.a(handle_manager.o)
                0x80006d44                __release_handle
                0x80006da0                __alloc_handle
                0x80006e90                __get_handle
 .text          0x80006eb8       0x68 c:/devkitpro/devkitppc/bin/../lib/gcc/powerpc-eabi/4.8.2/crtend.o
 *(.text.*)
 .text.sdlcallback
                0x80006f20      0x104 test7-sound.o
                0x80006f20                sdlcallback
 .text.sound_init_sdl
                0x80007024       0xd8 test7-sound.o
                0x80007024                sound_init_sdl
 .text.SDL_main
                0x800070fc       0x8c test7-sound.o
                0x800070fc                SDL_main
 .text.SDL_LockAudio_Default
                0x80007188       0x5c c:/devkitPro/libogc/lib/cube\libSDL.a(SDL_audio.o)
 .text.SDL_UnlockAudio_Default
                0x800071e4       0x5c c:/devkitPro/libogc/lib/cube\libSDL.a(SDL_audio.o)
 .text.SDL_RunAudio
                0x80007240      0x228 c:/devkitPro/libogc/lib/cube\libSDL.a(SDL_audio.o)
                0x80007240                SDL_RunAudio
 .text.SDL_OpenAudio
                0x80007468      0x58c c:/devkitPro/libogc/lib/cube\libSDL.a(SDL_audio.o)
                0x80007468                SDL_OpenAudio
 .text.SDL_PauseAudio
                0x800079f4       0x18 c:/devkitPro/libogc/lib/cube\libSDL.a(SDL_audio.o)
                0x800079f4                SDL_PauseAudio
 .text.SDL_AudioQuit
                0x80007a0c       0xd8 c:/devkitPro/libogc/lib/cube\libSDL.a(SDL_audio.o)
                0x80007a0c                SDL_AudioQuit
 .text.SDL_AudioInit
                0x80007ae4      0x130 c:/devkitPro/libogc/lib/cube\libSDL.a(SDL_audio.o)
                0x80007ae4                SDL_AudioInit
 .text.SDL_CalculateAudioSpec
                0x80007c14       0x54 c:/devkitPro/libogc/lib/cube\libSDL.a(SDL_audio.o)
                0x80007c14                SDL_CalculateAudioSpec
 .text.SDL_ConvertMono
                0x80007c68      0x2dc c:/devkitPro/libogc/lib/cube\libSDL.a(SDL_audiocvt.o)
                0x80007c68                SDL_ConvertMono
 .text.SDL_ConvertStrip
                0x80007f44      0x300 c:/devkitPro/libogc/lib/cube\libSDL.a(SDL_audiocvt.o)
                0x80007f44                SDL_ConvertStrip
 .text.SDL_ConvertStrip_2
                0x80008244      0x2c8 c:/devkitPro/libogc/lib/cube\libSDL.a(SDL_audiocvt.o)
                0x80008244                SDL_ConvertStrip_2
 .text.SDL_ConvertStereo
                0x8000850c       0xec c:/devkitPro/libogc/lib/cube\libSDL.a(SDL_audiocvt.o)
                0x8000850c                SDL_ConvertStereo
 .text.SDL_ConvertSurround
                0x800085f8      0x4a8 c:/devkitPro/libogc/lib/cube\libSDL.a(SDL_audiocvt.o)
                0x800085f8                SDL_ConvertSurround
 .text.SDL_ConvertSurround_4
                0x80008aa0      0x414 c:/devkitPro/libogc/lib/cube\libSDL.a(SDL_audiocvt.o)
                0x80008aa0                SDL_ConvertSurround_4
 .text.SDL_Convert16LSB
                0x80008eb4       0x78 c:/devkitPro/libogc/lib/cube\libSDL.a(SDL_audiocvt.o)
                0x80008eb4                SDL_Convert16LSB
 .text.SDL_Convert16MSB
                0x80008f2c       0x74 c:/devkitPro/libogc/lib/cube\libSDL.a(SDL_audiocvt.o)
                0x80008f2c                SDL_Convert16MSB
 .text.SDL_Convert8
                0x80008fa0       0x8c c:/devkitPro/libogc/lib/cube\libSDL.a(SDL_audiocvt.o)
                0x80008fa0                SDL_Convert8
 .text.SDL_ConvertSign
                0x8000902c       0xe8 c:/devkitPro/libogc/lib/cube\libSDL.a(SDL_audiocvt.o)
                0x8000902c                SDL_ConvertSign
 .text.SDL_ConvertEndian
                0x80009114       0x7c c:/devkitPro/libogc/lib/cube\libSDL.a(SDL_audiocvt.o)
                0x80009114                SDL_ConvertEndian
 .text.SDL_RateMUL2
                0x80009190       0xd0 c:/devkitPro/libogc/lib/cube\libSDL.a(SDL_audiocvt.o)
                0x80009190                SDL_RateMUL2
 .text.SDL_RateMUL2_c2
                0x80009260      0x104 c:/devkitPro/libogc/lib/cube\libSDL.a(SDL_audiocvt.o)
                0x80009260                SDL_RateMUL2_c2
 .text.SDL_RateMUL2_c4
                0x80009364      0x154 c:/devkitPro/libogc/lib/cube\libSDL.a(SDL_audiocvt.o)
                0x80009364                SDL_RateMUL2_c4
 .text.SDL_RateMUL2_c6
                0x800094b8      0x1d0 c:/devkitPro/libogc/lib/cube\libSDL.a(SDL_audiocvt.o)
                0x800094b8                SDL_RateMUL2_c6
 .text.SDL_RateDIV2
                0x80009688       0xe4 c:/devkitPro/libogc/lib/cube\libSDL.a(SDL_audiocvt.o)
                0x80009688                SDL_RateDIV2
 .text.SDL_RateDIV2_c2
                0x8000976c       0xe4 c:/devkitPro/libogc/lib/cube\libSDL.a(SDL_audiocvt.o)
                0x8000976c                SDL_RateDIV2_c2
 .text.SDL_RateDIV2_c4
                0x80009850      0x104 c:/devkitPro/libogc/lib/cube\libSDL.a(SDL_audiocvt.o)
                0x80009850                SDL_RateDIV2_c4
 .text.SDL_RateDIV2_c6
                0x80009954      0x15c c:/devkitPro/libogc/lib/cube\libSDL.a(SDL_audiocvt.o)
                0x80009954                SDL_RateDIV2_c6
 .text.SDL_ConvertAudio
                0x80009ab0       0x74 c:/devkitPro/libogc/lib/cube\libSDL.a(SDL_audiocvt.o)
                0x80009ab0                SDL_ConvertAudio
 .text.SDL_BuildAudioCVT
                0x80009b24      0x640 c:/devkitPro/libogc/lib/cube\libSDL.a(SDL_audiocvt.o)
                0x80009b24                SDL_BuildAudioCVT
 .text.SDL_getenv
                0x8000a164       0xe0 c:/devkitPro/libogc/lib/cube\libSDL.a(SDL_getenv.o)
                0x8000a164                SDL_getenv
 .text.SDL_DelThread
                0x8000a244      0x124 c:/devkitPro/libogc/lib/cube\libSDL.a(SDL_thread.o)
 .text.SDL_GetErrBuf
                0x8000a368       0xd8 c:/devkitPro/libogc/lib/cube\libSDL.a(SDL_thread.o)
                0x8000a368                SDL_GetErrBuf
 .text.SDL_RunThread
                0x8000a440       0x6c c:/devkitPro/libogc/lib/cube\libSDL.a(SDL_thread.o)
                0x8000a440                SDL_RunThread
 .text.SDL_CreateThread
                0x8000a4ac      0x1e0 c:/devkitPro/libogc/lib/cube\libSDL.a(SDL_thread.o)
                0x8000a4ac                SDL_CreateThread
 .text.SDL_WaitThread
                0x8000a68c       0x70 c:/devkitPro/libogc/lib/cube\libSDL.a(SDL_thread.o)
                0x8000a68c                SDL_WaitThread
 .text.CUBEAUD_Available
                0x8000a6fc        0x8 c:/devkitPro/libogc/lib/cube\libSDL.a(SDL_cubeaudio.o)
 .text.AudioThread
                0x8000a704      0x1a4 c:/devkitPro/libogc/lib/cube\libSDL.a(SDL_cubeaudio.o)
 .text.CUBEAUD_CreateDevice
                0x8000a8a8       0xcc c:/devkitPro/libogc/lib/cube\libSDL.a(SDL_cubeaudio.o)
 .text.DMACallback
                0x8000a974       0x14 c:/devkitPro/libogc/lib/cube\libSDL.a(SDL_cubeaudio.o)
 .text.CUBE_AudioStop
                0x8000a988       0xb4 c:/devkitPro/libogc/lib/cube\libSDL.a(SDL_cubeaudio.o)
                0x8000a988                CUBE_AudioStop
 .text.CUBEAUD_DeleteDevice
                0x8000aa3c       0x3c c:/devkitPro/libogc/lib/cube\libSDL.a(SDL_cubeaudio.o)
 .text.CUBEAUD_CloseAudio
                0x8000aa78       0x30 c:/devkitPro/libogc/lib/cube\libSDL.a(SDL_cubeaudio.o)
 .text.CUBE_AudioStart
                0x8000aaa8      0x114 c:/devkitPro/libogc/lib/cube\libSDL.a(SDL_cubeaudio.o)
                0x8000aaa8                CUBE_AudioStart
 .text.CUBEAUD_OpenAudio
                0x8000abbc      0x128 c:/devkitPro/libogc/lib/cube\libSDL.a(SDL_cubeaudio.o)
 .text.SDL_CreateMutex
                0x8000ace4       0x5c c:/devkitPro/libogc/lib/cube\libSDL.a(SDL_sysmutex.o)
                0x8000ace4                SDL_CreateMutex
 .text.SDL_DestroyMutex
                0x8000ad40       0x4c c:/devkitPro/libogc/lib/cube\libSDL.a(SDL_sysmutex.o)
                0x8000ad40                SDL_DestroyMutex
 .text.SDL_mutexP
                0x8000ad8c       0x40 c:/devkitPro/libogc/lib/cube\libSDL.a(SDL_sysmutex.o)
                0x8000ad8c                SDL_mutexP
 .text.SDL_mutexV
                0x8000adcc       0x40 c:/devkitPro/libogc/lib/cube\libSDL.a(SDL_sysmutex.o)
                0x8000adcc                SDL_mutexV
 .text.SDL_DestroySemaphore
                0x8000ae0c       0x9c c:/devkitPro/libogc/lib/cube\libSDL.a(SDL_syssem.o)
                0x8000ae0c                SDL_DestroySemaphore
 .text.SDL_CreateSemaphore
                0x8000aea8       0x94 c:/devkitPro/libogc/lib/cube\libSDL.a(SDL_syssem.o)
                0x8000aea8                SDL_CreateSemaphore
 .text.SDL_SemTryWait
                0x8000af3c       0x80 c:/devkitPro/libogc/lib/cube\libSDL.a(SDL_syssem.o)
                0x8000af3c                SDL_SemTryWait
 .text.SDL_SemWaitTimeout
                0x8000afbc      0x10c c:/devkitPro/libogc/lib/cube\libSDL.a(SDL_syssem.o)
                0x8000afbc                SDL_SemWaitTimeout
 .text.SDL_SemWait
                0x8000b0c8        0x8 c:/devkitPro/libogc/lib/cube\libSDL.a(SDL_syssem.o)
                0x8000b0c8                SDL_SemWait
 .text.SDL_SemPost
                0x8000b0d0       0x7c c:/devkitPro/libogc/lib/cube\libSDL.a(SDL_syssem.o)
                0x8000b0d0                SDL_SemPost
 .text.run_thread
                0x8000b14c       0x24 c:/devkitPro/libogc/lib/cube\libSDL.a(SDL_systhread.o)
                0x8000b14c                run_thread
 .text.SDL_SYS_CreateThread
                0x8000b170       0x5c c:/devkitPro/libogc/lib/cube\libSDL.a(SDL_systhread.o)
                0x8000b170                SDL_SYS_CreateThread
 .text.SDL_SYS_SetupThread
                0x8000b1cc        0x4 c:/devkitPro/libogc/lib/cube\libSDL.a(SDL_systhread.o)
                0x8000b1cc                SDL_SYS_SetupThread
 .text.SDL_ThreadID
                0x8000b1d0        0x4 c:/devkitPro/libogc/lib/cube\libSDL.a(SDL_systhread.o)
                0x8000b1d0                SDL_ThreadID
 .text.SDL_SYS_WaitThread
                0x8000b1d4       0x28 c:/devkitPro/libogc/lib/cube\libSDL.a(SDL_systhread.o)
                0x8000b1d4                SDL_SYS_WaitThread
 .text.SDL_StartTicks
                0x8000b1fc        0x4 c:/devkitPro/libogc/lib/cube\libSDL.a(SDL_systimer.o)
                0x8000b1fc                SDL_StartTicks
 .text.SDL_GetTicks
                0x8000b200       0x34 c:/devkitPro/libogc/lib/cube\libSDL.a(SDL_systimer.o)
                0x8000b200                SDL_GetTicks
 .text.SDL_Delay
                0x8000b234       0x64 c:/devkitPro/libogc/lib/cube\libSDL.a(SDL_systimer.o)
                0x8000b234                SDL_Delay
 .text.RunTimer
                0x8000b298       0x88 c:/devkitPro/libogc/lib/cube\libSDL.a(SDL_systimer.o)
 .text.SDL_SYS_TimerInit
                0x8000b320       0x60 c:/devkitPro/libogc/lib/cube\libSDL.a(SDL_systimer.o)
                0x8000b320                SDL_SYS_TimerInit
 .text.SDL_SYS_TimerQuit
                0x8000b380       0x54 c:/devkitPro/libogc/lib/cube\libSDL.a(SDL_systimer.o)
                0x8000b380                SDL_SYS_TimerQuit
 .text.SDL_SYS_StartTimer
                0x8000b3d4       0x30 c:/devkitPro/libogc/lib/cube\libSDL.a(SDL_systimer.o)
                0x8000b3d4                SDL_SYS_StartTimer
 .text.SDL_SYS_StopTimer
                0x8000b404        0x4 c:/devkitPro/libogc/lib/cube\libSDL.a(SDL_systimer.o)
                0x8000b404                SDL_SYS_StopTimer
 .text.CubeResetCallBack
                0x8000b408       0x18 c:/devkitPro/libogc/lib/cube\libSDL.a(SDL_cube_main.o)
 .text.startup.main
                0x8000b420       0x6c c:/devkitPro/libogc/lib/cube\libSDL.a(SDL_cube_main.o)
                0x8000b420                main
 .text.SDL_InitSubSystem
                0x8000b48c      0x178 c:/devkitPro/libogc/lib/cube\libSDL.a(SDL.o)
                0x8000b48c                SDL_InitSubSystem
 .text.SDL_QuitSubSystem
                0x8000b604       0xb4 c:/devkitPro/libogc/lib/cube\libSDL.a(SDL.o)
                0x8000b604                SDL_QuitSubSystem
 .text.SDL_Quit
                0x8000b6b8       0x28 c:/devkitPro/libogc/lib/cube\libSDL.a(SDL.o)
                0x8000b6b8                SDL_Quit
 .text.SDL_SetError
                0x8000b6e0      0x2b8 c:/devkitPro/libogc/lib/cube\libSDL.a(SDL_error.o)
                0x8000b6e0                SDL_SetError
 .text.SDL_Error
                0x8000b998       0x6c c:/devkitPro/libogc/lib/cube\libSDL.a(SDL_error.o)
                0x8000b998                SDL_Error
 .text.SDL_Parachute
                0x8000ba04       0x38 c:/devkitPro/libogc/lib/cube\libSDL.a(SDL_fatal.o)
 .text.SDL_UninstallParachute
                0x8000ba3c       0x74 c:/devkitPro/libogc/lib/cube\libSDL.a(SDL_fatal.o)
                0x8000ba3c                SDL_UninstallParachute
 .text.SDL_JoystickInit
                0x8000bab0       0xc4 c:/devkitPro/libogc/lib/cube\libSDL.a(SDL_joystick.o)
                0x8000bab0                SDL_JoystickInit
 .text.SDL_JoystickClose
                0x8000bb74      0x144 c:/devkitPro/libogc/lib/cube\libSDL.a(SDL_joystick.o)
                0x8000bb74                SDL_JoystickClose
 .text.SDL_JoystickQuit
                0x8000bcb8       0xd8 c:/devkitPro/libogc/lib/cube\libSDL.a(SDL_joystick.o)
                0x8000bcb8                SDL_JoystickQuit
 .text.SDL_PrivateJoystickAxis
                0x8000bd90       0xa0 c:/devkitPro/libogc/lib/cube\libSDL.a(SDL_joystick.o)
                0x8000bd90                SDL_PrivateJoystickAxis
 .text.SDL_PrivateJoystickHat
                0x8000be30       0x9c c:/devkitPro/libogc/lib/cube\libSDL.a(SDL_joystick.o)
                0x8000be30                SDL_PrivateJoystickHat
 .text.SDL_PrivateJoystickButton
                0x8000becc       0xc0 c:/devkitPro/libogc/lib/cube\libSDL.a(SDL_joystick.o)
                0x8000becc                SDL_PrivateJoystickButton
 .text.SDL_JoystickUpdate
                0x8000bf8c       0x60 c:/devkitPro/libogc/lib/cube\libSDL.a(SDL_joystick.o)
                0x8000bf8c                SDL_JoystickUpdate
 .text.callback_wrapper
                0x8000bfec        0x8 c:/devkitPro/libogc/lib/cube\libSDL.a(SDL_timer.o)
 .text.SDL_AddTimerInternal
                0x8000bff4       0xb4 c:/devkitPro/libogc/lib/cube\libSDL.a(SDL_timer.o)
 .text.SDL_SetTimerThreaded
                0x8000c0a8       0x50 c:/devkitPro/libogc/lib/cube\libSDL.a(SDL_timer.o)
                0x8000c0a8                SDL_SetTimerThreaded
 .text.SDL_ThreadedTimerCheck
                0x8000c0f8      0x1d0 c:/devkitPro/libogc/lib/cube\libSDL.a(SDL_timer.o)
                0x8000c0f8                SDL_ThreadedTimerCheck
 .text.SDL_SetTimer
                0x8000c2c8      0x19c c:/devkitPro/libogc/lib/cube\libSDL.a(SDL_timer.o)
                0x8000c2c8                SDL_SetTimer
 .text.SDL_TimerQuit
                0x8000c464       0xa4 c:/devkitPro/libogc/lib/cube\libSDL.a(SDL_timer.o)
                0x8000c464                SDL_TimerQuit
 .text.SDL_TimerInit
                0x8000c508       0xa8 c:/devkitPro/libogc/lib/cube\libSDL.a(SDL_timer.o)
                0x8000c508                SDL_TimerInit
 .text.SDL_WM_GrabInputRaw
                0x8000c5b0       0xec c:/devkitPro/libogc/lib/cube\libSDL.a(SDL_video.o)
 .text.SDL_WM_GrabInput
                0x8000c69c       0x64 c:/devkitPro/libogc/lib/cube\libSDL.a(SDL_video.o)
                0x8000c69c                SDL_WM_GrabInput
 .text.SDL_VideoQuit
                0x8000c700      0x158 c:/devkitPro/libogc/lib/cube\libSDL.a(SDL_video.o)
                0x8000c700                SDL_VideoQuit
 .text.SDL_VideoInit
                0x8000c858      0x20c c:/devkitPro/libogc/lib/cube\libSDL.a(SDL_video.o)
                0x8000c858                SDL_VideoInit
 .text.CUBE_Available
                0x8000ca64        0x8 c:/devkitPro/libogc/lib/cube\libSDL.a(SDL_cubevideo.o)
 .text.CUBE_VideoInit
                0x8000ca6c       0x68 c:/devkitPro/libogc/lib/cube\libSDL.a(SDL_cubevideo.o)
 .text.CUBE_ListModes
                0x8000cad4        0xc c:/devkitPro/libogc/lib/cube\libSDL.a(SDL_cubevideo.o)
 .text.CUBE_AllocHWSurface
                0x8000cae0        0x8 c:/devkitPro/libogc/lib/cube\libSDL.a(SDL_cubevideo.o)
 .text.CUBE_FreeHWSurface
                0x8000cae8        0x4 c:/devkitPro/libogc/lib/cube\libSDL.a(SDL_cubevideo.o)
 .text.CUBE_LockHWSurface
                0x8000caec        0x8 c:/devkitPro/libogc/lib/cube\libSDL.a(SDL_cubevideo.o)
 .text.CUBE_UnlockHWSurface
                0x8000caf4        0x4 c:/devkitPro/libogc/lib/cube\libSDL.a(SDL_cubevideo.o)
 .text.CUBE_SetColors
                0x8000caf8       0x74 c:/devkitPro/libogc/lib/cube\libSDL.a(SDL_cubevideo.o)
 .text.CUBE_DeleteDevice
                0x8000cb6c       0x34 c:/devkitPro/libogc/lib/cube\libSDL.a(SDL_cubevideo.o)
 .text.CUBE_CreateDevice
                0x8000cba0      0x184 c:/devkitPro/libogc/lib/cube\libSDL.a(SDL_cubevideo.o)
 .text.draw_init
                0x8000cd24      0x1e4 c:/devkitPro/libogc/lib/cube\libSDL.a(SDL_cubevideo.o)
 .text.SetupGX  0x8000cf08      0x1e0 c:/devkitPro/libogc/lib/cube\libSDL.a(SDL_cubevideo.o)
 .text.StartVideoThread.part.6
                0x8000d0e8       0x30 c:/devkitPro/libogc/lib/cube\libSDL.a(SDL_cubevideo.o)
 .text.CUBE_SetVideoMode
                0x8000d118      0x264 c:/devkitPro/libogc/lib/cube\libSDL.a(SDL_cubevideo.o)
 .text.flip_thread
                0x8000d37c      0x2e4 c:/devkitPro/libogc/lib/cube\libSDL.a(SDL_cubevideo.o)
 .text.CUBE_UpdateRect
                0x8000d660      0x568 c:/devkitPro/libogc/lib/cube\libSDL.a(SDL_cubevideo.o)
 .text.CUBE_FlipHWSurface
                0x8000dbc8      0x3b8 c:/devkitPro/libogc/lib/cube\libSDL.a(SDL_cubevideo.o)
 .text.CUBE_UpdateRects
                0x8000df80       0x6c c:/devkitPro/libogc/lib/cube\libSDL.a(SDL_cubevideo.o)
 .text.CUBE_InitVideoSystem
                0x8000dfec      0x19c c:/devkitPro/libogc/lib/cube\libSDL.a(SDL_cubevideo.o)
                0x8000dfec                CUBE_InitVideoSystem
 .text.CUBE_VideoStop
                0x8000e188       0x50 c:/devkitPro/libogc/lib/cube\libSDL.a(SDL_cubevideo.o)
                0x8000e188                CUBE_VideoStop
 .text.CUBE_VideoQuit
                0x8000e1d8       0x30 c:/devkitPro/libogc/lib/cube\libSDL.a(SDL_cubevideo.o)
 .text.SDL_SYS_JoystickInit
                0x8000e208        0x8 c:/devkitPro/libogc/lib/cube\libSDL.a(SDL_sysjoystick.o)
                0x8000e208                SDL_SYS_JoystickInit
 .text.SDL_SYS_JoystickUpdate
                0x8000e210      0x250 c:/devkitPro/libogc/lib/cube\libSDL.a(SDL_sysjoystick.o)
                0x8000e210                SDL_SYS_JoystickUpdate
 .text.SDL_SYS_JoystickClose
                0x8000e460       0x18 c:/devkitPro/libogc/lib/cube\libSDL.a(SDL_sysjoystick.o)
                0x8000e460                SDL_SYS_JoystickClose
 .text.SDL_SYS_JoystickQuit
                0x8000e478        0x4 c:/devkitPro/libogc/lib/cube\libSDL.a(SDL_sysjoystick.o)
                0x8000e478                SDL_SYS_JoystickQuit
 .text.SDL_DestroyCond
                0x8000e47c       0x4c c:/devkitPro/libogc/lib/cube\libSDL.a(SDL_syscond.o)
                0x8000e47c                SDL_DestroyCond
 .text.SDL_CreateCond
                0x8000e4c8       0x70 c:/devkitPro/libogc/lib/cube\libSDL.a(SDL_syscond.o)
                0x8000e4c8                SDL_CreateCond
 .text.SDL_CondSignal
                0x8000e538       0x50 c:/devkitPro/libogc/lib/cube\libSDL.a(SDL_syscond.o)
                0x8000e538                SDL_CondSignal
 .text.SDL_CondWaitTimeout
                0x8000e588       0x8c c:/devkitPro/libogc/lib/cube\libSDL.a(SDL_syscond.o)
                0x8000e588                SDL_CondWaitTimeout
 .text.SDL_GobbleEvents
                0x8000e614      0x16c c:/devkitPro/libogc/lib/cube\libSDL.a(SDL_events.o)
 .text.SDL_Lock_EventThread
                0x8000e780       0x78 c:/devkitPro/libogc/lib/cube\libSDL.a(SDL_events.o)
                0x8000e780                SDL_Lock_EventThread
 .text.SDL_Unlock_EventThread
                0x8000e7f8       0x58 c:/devkitPro/libogc/lib/cube\libSDL.a(SDL_events.o)
                0x8000e7f8                SDL_Unlock_EventThread
 .text.SDL_StopEventLoop
                0x8000e850       0xac c:/devkitPro/libogc/lib/cube\libSDL.a(SDL_events.o)
                0x8000e850                SDL_StopEventLoop
 .text.SDL_StartEventLoop
                0x8000e8fc      0x14c c:/devkitPro/libogc/lib/cube\libSDL.a(SDL_events.o)
                0x8000e8fc                SDL_StartEventLoop
 .text.SDL_PeepEvents
                0x8000ea48      0x3b0 c:/devkitPro/libogc/lib/cube\libSDL.a(SDL_events.o)
                0x8000ea48                SDL_PeepEvents
 .text.SDL_PushEvent
                0x8000edf8       0x38 c:/devkitPro/libogc/lib/cube\libSDL.a(SDL_events.o)
                0x8000edf8                SDL_PushEvent
 .text.SDL_KeyboardQuit
                0x8000ee30        0x4 c:/devkitPro/libogc/lib/cube\libSDL.a(SDL_keyboard.o)
                0x8000ee30                SDL_KeyboardQuit
 .text.SDL_CheckKeyRepeat
                0x8000ee34       0xc8 c:/devkitPro/libogc/lib/cube\libSDL.a(SDL_keyboard.o)
                0x8000ee34                SDL_CheckKeyRepeat
 .text.SDL_EnableKeyRepeat
                0x8000eefc       0x64 c:/devkitPro/libogc/lib/cube\libSDL.a(SDL_keyboard.o)
                0x8000eefc                SDL_EnableKeyRepeat
 .text.SDL_KeyboardInit
                0x8000ef60      0xbcc c:/devkitPro/libogc/lib/cube\libSDL.a(SDL_keyboard.o)
                0x8000ef60                SDL_KeyboardInit
 .text.SDL_MouseInit
                0x8000fb2c       0x44 c:/devkitPro/libogc/lib/cube\libSDL.a(SDL_mouse.o)
                0x8000fb2c                SDL_MouseInit
 .text.SDL_MouseQuit
                0x8000fb70        0x4 c:/devkitPro/libogc/lib/cube\libSDL.a(SDL_mouse.o)
                0x8000fb70                SDL_MouseQuit
 .text.SDL_GetMouseState
                0x8000fb74       0x34 c:/devkitPro/libogc/lib/cube\libSDL.a(SDL_mouse.o)
                0x8000fb74                SDL_GetMouseState
 .text.SDL_QuitInit
                0x8000fba8       0x68 c:/devkitPro/libogc/lib/cube\libSDL.a(SDL_quit.o)
                0x8000fba8                SDL_QuitInit
 .text.SDL_QuitQuit
                0x8000fc10       0x7c c:/devkitPro/libogc/lib/cube\libSDL.a(SDL_quit.o)
                0x8000fc10                SDL_QuitQuit
 .text.SDL_PrivateQuit
                0x8000fc8c       0x9c c:/devkitPro/libogc/lib/cube\libSDL.a(SDL_quit.o)
                0x8000fc8c                SDL_PrivateQuit
 .text.SDL_HandleSIG
                0x8000fd28       0x28 c:/devkitPro/libogc/lib/cube\libSDL.a(SDL_quit.o)
 .text.SDL_MouseRect
                0x8000fd50       0xd4 c:/devkitPro/libogc/lib/cube\libSDL.a(SDL_cursor.o)
                0x8000fd50                SDL_MouseRect
 .text.SDL_DrawCursorNoLock
                0x8000fe24      0x7b4 c:/devkitPro/libogc/lib/cube\libSDL.a(SDL_cursor.o)
                0x8000fe24                SDL_DrawCursorNoLock
 .text.SDL_DrawCursor
                0x800105d8       0xf8 c:/devkitPro/libogc/lib/cube\libSDL.a(SDL_cursor.o)
                0x800105d8                SDL_DrawCursor
 .text.SDL_EraseCursorNoLock
                0x800106d0      0x1d8 c:/devkitPro/libogc/lib/cube\libSDL.a(SDL_cursor.o)
                0x800106d0                SDL_EraseCursorNoLock
 .text.SDL_EraseCursor
                0x800108a8       0xf8 c:/devkitPro/libogc/lib/cube\libSDL.a(SDL_cursor.o)
                0x800108a8                SDL_EraseCursor
 .text.SDL_SetCursor
                0x800109a0      0x200 c:/devkitPro/libogc/lib/cube\libSDL.a(SDL_cursor.o)
                0x800109a0                SDL_SetCursor
 .text.SDL_FreeCursor
                0x80010ba0       0xd0 c:/devkitPro/libogc/lib/cube\libSDL.a(SDL_cursor.o)
                0x80010ba0                SDL_FreeCursor
 .text.SDL_CursorQuit
                0x80010c70       0xa8 c:/devkitPro/libogc/lib/cube\libSDL.a(SDL_cursor.o)
                0x80010c70                SDL_CursorQuit
 .text.SDL_CreateCursor
                0x80010d18      0x278 c:/devkitPro/libogc/lib/cube\libSDL.a(SDL_cursor.o)
                0x80010d18                SDL_CreateCursor
 .text.SDL_CursorInit
                0x80010f90       0x94 c:/devkitPro/libogc/lib/cube\libSDL.a(SDL_cursor.o)
                0x80010f90                SDL_CursorInit
 .text.SDL_FreeFormat
                0x80011024       0x6c c:/devkitPro/libogc/lib/cube\libSDL.a(SDL_pixels.o)
                0x80011024                SDL_FreeFormat
 .text.SDL_AllocFormat
                0x80011090      0x5b8 c:/devkitPro/libogc/lib/cube\libSDL.a(SDL_pixels.o)
                0x80011090                SDL_AllocFormat
 .text.SDL_CalculatePitch
                0x80011648       0x50 c:/devkitPro/libogc/lib/cube\libSDL.a(SDL_pixels.o)
                0x80011648                SDL_CalculatePitch
 .text.SDL_FindColor
                0x80011698       0x7c c:/devkitPro/libogc/lib/cube\libSDL.a(SDL_pixels.o)
                0x80011698                SDL_FindColor
 .text.SDL_MapRGB
                0x80011714       0x80 c:/devkitPro/libogc/lib/cube\libSDL.a(SDL_pixels.o)
                0x80011714                SDL_MapRGB
 .text.SDL_InvalidateMap
                0x80011794       0x58 c:/devkitPro/libogc/lib/cube\libSDL.a(SDL_pixels.o)
                0x80011794                SDL_InvalidateMap
 .text.SDL_FormatChanged
                0x800117ec       0x38 c:/devkitPro/libogc/lib/cube\libSDL.a(SDL_pixels.o)
                0x800117ec                SDL_FormatChanged
 .text.SDL_ReallocFormat
                0x80011824       0x98 c:/devkitPro/libogc/lib/cube\libSDL.a(SDL_pixels.o)
                0x80011824                SDL_ReallocFormat
 .text.SDL_FreeBlitMap
                0x800118bc       0x58 c:/devkitPro/libogc/lib/cube\libSDL.a(SDL_pixels.o)
                0x800118bc                SDL_FreeBlitMap
 .text.SDL_AllocBlitMap
                0x80011914       0x98 c:/devkitPro/libogc/lib/cube\libSDL.a(SDL_pixels.o)
                0x80011914                SDL_AllocBlitMap
 .text.SDL_SetClipRect
                0x800119ac      0x144 c:/devkitPro/libogc/lib/cube\libSDL.a(SDL_surface.o)
                0x800119ac                SDL_SetClipRect
 .text.SDL_LockSurface
                0x80011af0       0xb8 c:/devkitPro/libogc/lib/cube\libSDL.a(SDL_surface.o)
                0x80011af0                SDL_LockSurface
 .text.SDL_UnlockSurface
                0x80011ba8       0x64 c:/devkitPro/libogc/lib/cube\libSDL.a(SDL_surface.o)
                0x80011ba8                SDL_UnlockSurface
 .text.SDL_FillRect
                0x80011c0c      0x650 c:/devkitPro/libogc/lib/cube\libSDL.a(SDL_surface.o)
                0x80011c0c                SDL_FillRect
 .text.SDL_FreeSurface
                0x8001225c      0x12c c:/devkitPro/libogc/lib/cube\libSDL.a(SDL_surface.o)
                0x8001225c                SDL_FreeSurface
 .text.SDL_CreateRGBSurface
                0x80012388      0x2f0 c:/devkitPro/libogc/lib/cube\libSDL.a(SDL_surface.o)
                0x80012388                SDL_CreateRGBSurface
 .text.CUBE_PumpEvents
                0x80012678        0x4 c:/devkitPro/libogc/lib/cube\libSDL.a(SDL_cubeevents.o)
                0x80012678                CUBE_PumpEvents
 .text.CUBE_InitOSKeymap
                0x8001267c        0x4 c:/devkitPro/libogc/lib/cube\libSDL.a(SDL_cubeevents.o)
                0x8001267c                CUBE_InitOSKeymap
 .text.SDL_AppActiveInit
                0x80012680       0x14 c:/devkitPro/libogc/lib/cube\libSDL.a(SDL_active.o)
                0x80012680                SDL_AppActiveInit
 .text.SDL_AppActiveQuit
                0x80012694        0x4 c:/devkitPro/libogc/lib/cube\libSDL.a(SDL_active.o)
                0x80012694                SDL_AppActiveQuit
 .text.copy_opaque_16
                0x80012698      0x110 c:/devkitPro/libogc/lib/cube\libSDL.a(SDL_RLEaccel.o)
 .text.uncopy_opaque_16
                0x800127a8      0x130 c:/devkitPro/libogc/lib/cube\libSDL.a(SDL_RLEaccel.o)
 .text.copy_transl_565
                0x800128d8       0xf8 c:/devkitPro/libogc/lib/cube\libSDL.a(SDL_RLEaccel.o)
 .text.copy_transl_555
                0x800129d0       0xf8 c:/devkitPro/libogc/lib/cube\libSDL.a(SDL_RLEaccel.o)
 .text.uncopy_transl_16
                0x80012ac8      0x11c c:/devkitPro/libogc/lib/cube\libSDL.a(SDL_RLEaccel.o)
 .text.copy_32  0x80012be4       0xe8 c:/devkitPro/libogc/lib/cube\libSDL.a(SDL_RLEaccel.o)
 .text.uncopy_32
                0x80012ccc      0x108 c:/devkitPro/libogc/lib/cube\libSDL.a(SDL_RLEaccel.o)
 .text.getpix_8
                0x80012dd4        0x8 c:/devkitPro/libogc/lib/cube\libSDL.a(SDL_RLEaccel.o)
 .text.getpix_16
                0x80012ddc        0x8 c:/devkitPro/libogc/lib/cube\libSDL.a(SDL_RLEaccel.o)
 .text.getpix_24
                0x80012de4       0x20 c:/devkitPro/libogc/lib/cube\libSDL.a(SDL_RLEaccel.o)
 .text.getpix_32
                0x80012e04        0x8 c:/devkitPro/libogc/lib/cube\libSDL.a(SDL_RLEaccel.o)
 .text.SDL_RLEBlit
                0x80012e0c     0x2118 c:/devkitPro/libogc/lib/cube\libSDL.a(SDL_RLEaccel.o)
                0x80012e0c                SDL_RLEBlit
 .text.SDL_UnRLESurface
                0x80014f24      0x2c0 c:/devkitPro/libogc/lib/cube\libSDL.a(SDL_RLEaccel.o)
                0x80014f24                SDL_UnRLESurface
 .text.SDL_RLESurface
                0x800151e4      0xc50 c:/devkitPro/libogc/lib/cube\libSDL.a(SDL_RLEaccel.o)
                0x800151e4                SDL_RLESurface
 .text.snd_set0w
                0x80015e34       0x2c c:/devkitPro/libogc/lib/cube\libaesnd.a(aesndlib.o)
 .text.__aesndcopycommand
                0x80015e60       0xb4 c:/devkitPro/libogc/lib/cube\libaesnd.a(aesndlib.o)
 .text.__aesndarqcallback
                0x80015f14       0x24 c:/devkitPro/libogc/lib/cube\libaesnd.a(aesndlib.o)
 .text.__dsp_resumecallback
                0x80015f38        0x4 c:/devkitPro/libogc/lib/cube\libaesnd.a(aesndlib.o)
 .text.__dsp_donecallback
                0x80015f3c       0x14 c:/devkitPro/libogc/lib/cube\libaesnd.a(aesndlib.o)
 .text.__dsp_initcallback
                0x80015f50       0x5c c:/devkitPro/libogc/lib/cube\libaesnd.a(aesndlib.o)
 .text.__audio_dma_callback
                0x80015fac      0x1c4 c:/devkitPro/libogc/lib/cube\libaesnd.a(aesndlib.o)
 .text.__aesndfillbuffer.constprop.3
                0x80016170       0xcc c:/devkitPro/libogc/lib/cube\libaesnd.a(aesndlib.o)
 .text.__dsp_requestcallback
                0x8001623c      0x330 c:/devkitPro/libogc/lib/cube\libaesnd.a(aesndlib.o)
 .text.AESND_Init
                0x8001656c      0x210 c:/devkitPro/libogc/lib/cube\libaesnd.a(aesndlib.o)
                0x8001656c                AESND_Init
 .text.AESND_Pause
                0x8001677c       0x40 c:/devkitPro/libogc/lib/cube\libaesnd.a(aesndlib.o)
                0x8001677c                AESND_Pause
 .text.AESND_AllocateVoice
                0x800167bc       0xc0 c:/devkitPro/libogc/lib/cube\libaesnd.a(aesndlib.o)
                0x800167bc                AESND_AllocateVoice
 .text.AESND_FreeVoice
                0x8001687c       0x60 c:/devkitPro/libogc/lib/cube\libaesnd.a(aesndlib.o)
                0x8001687c                AESND_FreeVoice
 .text.AESND_SetVoiceBuffer
                0x800168dc       0x4c c:/devkitPro/libogc/lib/cube\libaesnd.a(aesndlib.o)
                0x800168dc                AESND_SetVoiceBuffer
 .text.AESND_SetVoiceFormat
                0x80016928       0x68 c:/devkitPro/libogc/lib/cube\libaesnd.a(aesndlib.o)
                0x80016928                AESND_SetVoiceFormat
 .text.AESND_SetVoiceFrequency
                0x80016990       0xc8 c:/devkitPro/libogc/lib/cube\libaesnd.a(aesndlib.o)
                0x80016990                AESND_SetVoiceFrequency
 .text.AESND_SetVoiceStream
                0x80016a58       0x58 c:/devkitPro/libogc/lib/cube\libaesnd.a(aesndlib.o)
                0x80016a58                AESND_SetVoiceStream
 .text.AESND_SetVoiceStop
                0x80016ab0       0x58 c:/devkitPro/libogc/lib/cube\libaesnd.a(aesndlib.o)
                0x80016ab0                AESND_SetVoiceStop
 .text.fatMount
                0x80016b08      0x114 c:/devkitPro/libogc/lib/cube\libfat.a(libfat.o)
                0x80016b08                fatMount
 .text.fatInit  0x80016c1c      0x1a8 c:/devkitPro/libogc/lib/cube\libfat.a(libfat.o)
                0x80016c1c                fatInit
 .text.fatInitDefault
                0x80016dc4        0xc c:/devkitPro/libogc/lib/cube\libfat.a(libfat.o)
                0x80016dc4                fatInitDefault
 .text.u8array_to_u16
                0x80016dd0       0x18 c:/devkitPro/libogc/lib/cube\libfat.a(partition.o)
 .text.u8array_to_u32
                0x80016de8       0x30 c:/devkitPro/libogc/lib/cube\libfat.a(partition.o)
 .text.u32_to_u8array
                0x80016e18       0x20 c:/devkitPro/libogc/lib/cube\libfat.a(partition.o)
 .text.FindFirstValidPartition_buf
                0x80016e38      0x1e8 c:/devkitPro/libogc/lib/cube\libfat.a(partition.o)
                0x80016e38                FindFirstValidPartition_buf
 .text._FAT_partition_getPartitionFromPath
                0x80017020       0x34 c:/devkitPro/libogc/lib/cube\libfat.a(partition.o)
                0x80017020                _FAT_partition_getPartitionFromPath
 .text._FAT_partition_createFSinfo
                0x80017054       0xf4 c:/devkitPro/libogc/lib/cube\libfat.a(partition.o)
                0x80017054                _FAT_partition_createFSinfo
 .text._FAT_partition_readFSinfo
                0x80017148       0xf0 c:/devkitPro/libogc/lib/cube\libfat.a(partition.o)
                0x80017148                _FAT_partition_readFSinfo
 .text._FAT_partition_constructor_buf
                0x80017238      0x360 c:/devkitPro/libogc/lib/cube\libfat.a(partition.o)
                0x80017238                _FAT_partition_constructor_buf
 .text._FAT_partition_constructor
                0x80017598       0x68 c:/devkitPro/libogc/lib/cube\libfat.a(partition.o)
                0x80017598                _FAT_partition_constructor
 .text._FAT_cache_getPage
                0x80017600      0x158 c:/devkitPro/libogc/lib/cube\libfat.a(cache.o)
 .text._FAT_cache_constructor
                0x80017758       0xd8 c:/devkitPro/libogc/lib/cube\libfat.a(cache.o)
                0x80017758                _FAT_cache_constructor
 .text._FAT_cache_readSectors
                0x80017830       0xa0 c:/devkitPro/libogc/lib/cube\libfat.a(cache.o)
                0x80017830                _FAT_cache_readSectors
 .text._FAT_cache_readPartialSector
                0x800178d0       0x80 c:/devkitPro/libogc/lib/cube\libfat.a(cache.o)
                0x800178d0                _FAT_cache_readPartialSector
 .text._FAT_cache_readLittleEndianValue
                0x80017950       0x94 c:/devkitPro/libogc/lib/cube\libfat.a(cache.o)
                0x80017950                _FAT_cache_readLittleEndianValue
 .text._FAT_cache_writePartialSector
                0x800179e4       0x88 c:/devkitPro/libogc/lib/cube\libfat.a(cache.o)
                0x800179e4                _FAT_cache_writePartialSector
 .text._FAT_cache_writeLittleEndianValue
                0x80017a6c       0x80 c:/devkitPro/libogc/lib/cube\libfat.a(cache.o)
                0x80017a6c                _FAT_cache_writeLittleEndianValue
 .text._FAT_cache_eraseWritePartialSector
                0x80017aec       0xa0 c:/devkitPro/libogc/lib/cube\libfat.a(cache.o)
                0x80017aec                _FAT_cache_eraseWritePartialSector
 .text._FAT_cache_writeSectors
                0x80017b8c       0xa8 c:/devkitPro/libogc/lib/cube\libfat.a(cache.o)
                0x80017b8c                _FAT_cache_writeSectors
 .text._FAT_cache_flush
                0x80017c34       0x84 c:/devkitPro/libogc/lib/cube\libfat.a(cache.o)
                0x80017c34                _FAT_cache_flush
 .text.u8array_to_u16
                0x80017cb8       0x18 c:/devkitPro/libogc/lib/cube\libfat.a(directory.o)
 .text._FAT_directory_entryGetAlias
                0x80017cd0      0x128 c:/devkitPro/libogc/lib/cube\libfat.a(directory.o)
 .text._FAT_directory_mbsncasecmp
                0x80017df8       0xec c:/devkitPro/libogc/lib/cube\libfat.a(directory.o)
 .text._FAT_fat_clusterToSector
                0x80017ee4       0x28 c:/devkitPro/libogc/lib/cube\libfat.a(directory.o)
 .text._FAT_directory_incrementDirEntryPosition
                0x80017f0c      0x108 c:/devkitPro/libogc/lib/cube\libfat.a(directory.o)
 .text._FAT_directory_ucs2tombs.constprop.6
                0x80018014       0xe8 c:/devkitPro/libogc/lib/cube\libfat.a(directory.o)
 .text._FAT_directory_entryGetCluster
                0x800180fc       0x54 c:/devkitPro/libogc/lib/cube\libfat.a(directory.o)
                0x800180fc                _FAT_directory_entryGetCluster
 .text._FAT_directory_getNextEntry
                0x80018150      0x264 c:/devkitPro/libogc/lib/cube\libfat.a(directory.o)
                0x80018150                _FAT_directory_getNextEntry
 .text._FAT_directory_getFirstEntry
                0x800183b4       0x28 c:/devkitPro/libogc/lib/cube\libfat.a(directory.o)
                0x800183b4                _FAT_directory_getFirstEntry
 .text._FAT_directory_entryExists
                0x800183dc       0xc8 c:/devkitPro/libogc/lib/cube\libfat.a(directory.o)
 .text._FAT_directory_getRootEntry
                0x800184a4       0xa8 c:/devkitPro/libogc/lib/cube\libfat.a(directory.o)
                0x800184a4                _FAT_directory_getRootEntry
 .text._FAT_directory_entryFromPosition
                0x8001854c      0x19c c:/devkitPro/libogc/lib/cube\libfat.a(directory.o)
                0x8001854c                _FAT_directory_entryFromPosition
 .text._FAT_directory_entryFromPath
                0x800186e8      0x2c8 c:/devkitPro/libogc/lib/cube\libfat.a(directory.o)
                0x800186e8                _FAT_directory_entryFromPath
 .text._FAT_directory_removeEntry
                0x800189b0       0xf0 c:/devkitPro/libogc/lib/cube\libfat.a(directory.o)
                0x800189b0                _FAT_directory_removeEntry
 .text._FAT_directory_addEntry
                0x80018aa0      0x9b8 c:/devkitPro/libogc/lib/cube\libfat.a(directory.o)
                0x80018aa0                _FAT_directory_addEntry
 .text._FAT_directory_chdir
                0x80019458       0x5c c:/devkitPro/libogc/lib/cube\libfat.a(directory.o)
                0x80019458                _FAT_directory_chdir
 .text._FAT_directory_entryStat
                0x800194b4      0x174 c:/devkitPro/libogc/lib/cube\libfat.a(directory.o)
                0x800194b4                _FAT_directory_entryStat
 .text.get_io_gcsda
                0x80019628        0xc c:/devkitPro/libogc/lib/cube\libfat.a(disc.o)
 .text.get_io_gcsdb
                0x80019634        0xc c:/devkitPro/libogc/lib/cube\libfat.a(disc.o)
 .text._FAT_stat_r
                0x80019640       0xc4 c:/devkitPro/libogc/lib/cube\libfat.a(fatdir.o)
                0x80019640                _FAT_stat_r
 .text._FAT_link_r
                0x80019704       0x10 c:/devkitPro/libogc/lib/cube\libfat.a(fatdir.o)
                0x80019704                _FAT_link_r
 .text._FAT_unlink_r
                0x80019714      0x1e0 c:/devkitPro/libogc/lib/cube\libfat.a(fatdir.o)
                0x80019714                _FAT_unlink_r
 .text._FAT_chdir_r
                0x800198f4       0xa0 c:/devkitPro/libogc/lib/cube\libfat.a(fatdir.o)
                0x800198f4                _FAT_chdir_r
 .text._FAT_rename_r
                0x80019994      0x238 c:/devkitPro/libogc/lib/cube\libfat.a(fatdir.o)
                0x80019994                _FAT_rename_r
 .text._FAT_mkdir_r
                0x80019bcc      0x32c c:/devkitPro/libogc/lib/cube\libfat.a(fatdir.o)
                0x80019bcc                _FAT_mkdir_r
 .text._FAT_statvfs_r
                0x80019ef8       0xe0 c:/devkitPro/libogc/lib/cube\libfat.a(fatdir.o)
                0x80019ef8                _FAT_statvfs_r
 .text._FAT_diropen_r
                0x80019fd8      0x108 c:/devkitPro/libogc/lib/cube\libfat.a(fatdir.o)
                0x80019fd8                _FAT_diropen_r
 .text._FAT_dirreset_r
                0x8001a0e0       0x74 c:/devkitPro/libogc/lib/cube\libfat.a(fatdir.o)
                0x8001a0e0                _FAT_dirreset_r
 .text._FAT_dirnext_r
                0x8001a154       0xc8 c:/devkitPro/libogc/lib/cube\libfat.a(fatdir.o)
                0x8001a154                _FAT_dirnext_r
 .text._FAT_dirclose_r
                0x8001a21c       0x40 c:/devkitPro/libogc/lib/cube\libfat.a(fatdir.o)
                0x8001a21c                _FAT_dirclose_r
 .text._FAT_fat_clusterToSector
                0x8001a25c       0x28 c:/devkitPro/libogc/lib/cube\libfat.a(fatfile.o)
 .text._FAT_check_position_for_next_cluster.isra.6
                0x8001a284      0x100 c:/devkitPro/libogc/lib/cube\libfat.a(fatfile.o)
 .text._FAT_file_extend_r
                0x8001a384      0x2b8 c:/devkitPro/libogc/lib/cube\libfat.a(fatfile.o)
 .text._FAT_open_r
                0x8001a63c      0x3e8 c:/devkitPro/libogc/lib/cube\libfat.a(fatfile.o)
                0x8001a63c                _FAT_open_r
 .text._FAT_syncToDisc
                0x8001aa24      0x154 c:/devkitPro/libogc/lib/cube\libfat.a(fatfile.o)
                0x8001aa24                _FAT_syncToDisc
 .text._FAT_close_r
                0x8001ab78       0xc4 c:/devkitPro/libogc/lib/cube\libfat.a(fatfile.o)
                0x8001ab78                _FAT_close_r
 .text._FAT_read_r
                0x8001ac3c      0x3ec c:/devkitPro/libogc/lib/cube\libfat.a(fatfile.o)
                0x8001ac3c                _FAT_read_r
 .text._FAT_write_r
                0x8001b028      0x568 c:/devkitPro/libogc/lib/cube\libfat.a(fatfile.o)
                0x8001b028                _FAT_write_r
 .text._FAT_seek_r
                0x8001b590      0x1e4 c:/devkitPro/libogc/lib/cube\libfat.a(fatfile.o)
                0x8001b590                _FAT_seek_r
 .text._FAT_fstat_r
                0x8001b774       0xc8 c:/devkitPro/libogc/lib/cube\libfat.a(fatfile.o)
                0x8001b774                _FAT_fstat_r
 .text._FAT_ftruncate_r
                0x8001b83c      0x1ec c:/devkitPro/libogc/lib/cube\libfat.a(fatfile.o)
                0x8001b83c                _FAT_ftruncate_r
 .text._FAT_fsync_r
                0x8001ba28       0x70 c:/devkitPro/libogc/lib/cube\libfat.a(fatfile.o)
                0x8001ba28                _FAT_fsync_r
 .text._FAT_fat_writeFatEntry
                0x8001ba98      0x1cc c:/devkitPro/libogc/lib/cube\libfat.a(file_allocation_table.o)
 .text._FAT_fat_nextCluster
                0x8001bc64      0x194 c:/devkitPro/libogc/lib/cube\libfat.a(file_allocation_table.o)
                0x8001bc64                _FAT_fat_nextCluster
 .text._FAT_fat_linkFreeCluster
                0x8001bdf8       0xe4 c:/devkitPro/libogc/lib/cube\libfat.a(file_allocation_table.o)
                0x8001bdf8                _FAT_fat_linkFreeCluster
 .text._FAT_fat_linkFreeClusterCleared
                0x8001bedc       0xac c:/devkitPro/libogc/lib/cube\libfat.a(file_allocation_table.o)
                0x8001bedc                _FAT_fat_linkFreeClusterCleared
 .text._FAT_fat_clearLinks
                0x8001bf88       0xbc c:/devkitPro/libogc/lib/cube\libfat.a(file_allocation_table.o)
                0x8001bf88                _FAT_fat_clearLinks
 .text._FAT_fat_trimChain
                0x8001c044       0xb0 c:/devkitPro/libogc/lib/cube\libfat.a(file_allocation_table.o)
                0x8001c044                _FAT_fat_trimChain
 .text._FAT_fat_lastCluster
                0x8001c0f4       0x68 c:/devkitPro/libogc/lib/cube\libfat.a(file_allocation_table.o)
                0x8001c0f4                _FAT_fat_lastCluster
 .text._FAT_fat_freeClusterCount
                0x8001c15c       0x54 c:/devkitPro/libogc/lib/cube\libfat.a(file_allocation_table.o)
                0x8001c15c                _FAT_fat_freeClusterCount
 .text._FAT_filetime_getTimeFromRTC
                0x8001c1b0       0x7c c:/devkitPro/libogc/lib/cube\libfat.a(filetime.o)
                0x8001c1b0                _FAT_filetime_getTimeFromRTC
 .text._FAT_filetime_getDateFromRTC
                0x8001c22c       0x7c c:/devkitPro/libogc/lib/cube\libfat.a(filetime.o)
                0x8001c22c                _FAT_filetime_getDateFromRTC
 .text._FAT_filetime_to_time_t
                0x8001c2a8       0x64 c:/devkitPro/libogc/lib/cube\libfat.a(filetime.o)
                0x8001c2a8                _FAT_filetime_to_time_t
 .text.__console_clear_line
                0x8001c30c       0x80 c:/devkitPro/libogc/lib/cube\libogc.a(console.o)
 .text.__console_clear
                0x8001c38c       0x58 c:/devkitPro/libogc/lib/cube\libogc.a(console.o)
 .text.__console_write
                0x8001c3e4      0x6a0 c:/devkitPro/libogc/lib/cube\libogc.a(console.o)
                0x8001c3e4                __console_write
 .text.__console_init
                0x8001ca84      0x108 c:/devkitPro/libogc/lib/cube\libogc.a(console.o)
                0x8001ca84                __console_init
 .text.CON_Init
                0x8001cb8c        0x4 c:/devkitPro/libogc/lib/cube\libogc.a(console.o)
                0x8001cb8c                CON_Init
 .text.CON_EnableGecko
                0x8001cb90       0xb0 c:/devkitPro/libogc/lib/cube\libogc.a(console.o)
                0x8001cb90                CON_EnableGecko
 .text.__lwp_thread_dispatchdisable
                0x8001cc40       0x10 c:/devkitPro/libogc/lib/cube\libogc.a(lwp.o)
 .text.idle_func
                0x8001cc50        0x4 c:/devkitPro/libogc/lib/cube\libogc.a(lwp.o)
 .text.__lwp_thread_dispatchenable
                0x8001cc54       0x18 c:/devkitPro/libogc/lib/cube\libogc.a(lwp.o)
 .text.__lwp_cntrl_open
                0x8001cc6c       0x30 c:/devkitPro/libogc/lib/cube\libogc.a(lwp.o)
 .text.__lwp_tqueue_open
                0x8001cc9c       0x30 c:/devkitPro/libogc/lib/cube\libogc.a(lwp.o)
 .text.__lwp_cntrl_free
                0x8001cccc       0x30 c:/devkitPro/libogc/lib/cube\libogc.a(lwp.o)
 .text.__lwp_sysinit
                0x8001ccfc      0x108 c:/devkitPro/libogc/lib/cube\libogc.a(lwp.o)
                0x8001ccfc                __lwp_sysinit
 .text.LWP_CreateThread
                0x8001ce04       0xd8 c:/devkitPro/libogc/lib/cube\libogc.a(lwp.o)
                0x8001ce04                LWP_CreateThread
 .text.LWP_SuspendThread
                0x8001cedc       0x54 c:/devkitPro/libogc/lib/cube\libogc.a(lwp.o)
                0x8001cedc                LWP_SuspendThread
 .text.LWP_ResumeThread
                0x8001cf30       0x58 c:/devkitPro/libogc/lib/cube\libogc.a(lwp.o)
                0x8001cf30                LWP_ResumeThread
 .text.LWP_GetSelf
                0x8001cf88       0x38 c:/devkitPro/libogc/lib/cube\libogc.a(lwp.o)
                0x8001cf88                LWP_GetSelf
 .text.LWP_JoinThread
                0x8001cfc0       0xc8 c:/devkitPro/libogc/lib/cube\libogc.a(lwp.o)
                0x8001cfc0                LWP_JoinThread
 .text.LWP_InitQueue
                0x8001d088       0x94 c:/devkitPro/libogc/lib/cube\libogc.a(lwp.o)
                0x8001d088                LWP_InitQueue
 .text.LWP_ThreadSleep
                0x8001d11c       0xa0 c:/devkitPro/libogc/lib/cube\libogc.a(lwp.o)
                0x8001d11c                LWP_ThreadSleep
 .text.LWP_ThreadBroadcast
                0x8001d1bc       0x4c c:/devkitPro/libogc/lib/cube\libogc.a(lwp.o)
                0x8001d1bc                LWP_ThreadBroadcast
 .text.__lwp_objmgr_initinfo
                0x8001d208      0x140 c:/devkitPro/libogc/lib/cube\libogc.a(lwp_objmgr.o)
                0x8001d208                __lwp_objmgr_initinfo
 .text.__lwp_objmgr_getisrdisable
                0x8001d348       0x68 c:/devkitPro/libogc/lib/cube\libogc.a(lwp_objmgr.o)
                0x8001d348                __lwp_objmgr_getisrdisable
 .text.__lwp_objmgr_getnoprotection
                0x8001d3b0       0x24 c:/devkitPro/libogc/lib/cube\libogc.a(lwp_objmgr.o)
                0x8001d3b0                __lwp_objmgr_getnoprotection
 .text.__lwp_objmgr_get
                0x8001d3d4       0x68 c:/devkitPro/libogc/lib/cube\libogc.a(lwp_objmgr.o)
                0x8001d3d4                __lwp_objmgr_get
 .text.__lwp_objmgr_allocate
                0x8001d43c       0x78 c:/devkitPro/libogc/lib/cube\libogc.a(lwp_objmgr.o)
                0x8001d43c                __lwp_objmgr_allocate
 .text.__lwp_objmgr_free
                0x8001d4b4       0x64 c:/devkitPro/libogc/lib/cube\libogc.a(lwp_objmgr.o)